###############################################################################
#
# IAR ELF Linker V8.40.2.214/W32 for ARM                  29/Apr/2025  21:31:07
# Copyright 2007-2019 IAR Systems AB.
#
#    Output file  =
#        F:\study\AUTOSAR_TOOLs\S32K144_SIP\MICROSAR\CBD1800257_D01_S32K1xx\Applications\S32K144_Start_new_IAR\Debug\Exe\ASR_S32K144_Start.out
#    Map file     =
#        F:\study\AUTOSAR_TOOLs\S32K144_SIP\MICROSAR\CBD1800257_D01_S32K1xx\Applications\S32K144_Start_new_IAR\Debug\List\ASR_S32K144_Start.map
#    Command line =
#        -f C:\Users\yangh\AppData\Local\Temp\EW6301.tmp
#        (F:\study\AUTOSAR_TOOLs\S32K144_SIP\MICROSAR\CBD1800257_D01_S32K1xx\Applications\S32K144_Start_new_IAR\Debug\Obj\BrsAsrMain.o
#        F:\study\AUTOSAR_TOOLs\S32K144_SIP\MICROSAR\CBD1800257_D01_S32K1xx\Applications\S32K144_Start_new_IAR\Debug\Obj\BswM.o
#        F:\study\AUTOSAR_TOOLs\S32K144_SIP\MICROSAR\CBD1800257_D01_S32K1xx\Applications\S32K144_Start_new_IAR\Debug\Obj\BswM_Callout_Stubs.o
#        F:\study\AUTOSAR_TOOLs\S32K144_SIP\MICROSAR\CBD1800257_D01_S32K1xx\Applications\S32K144_Start_new_IAR\Debug\Obj\BswM_Lcfg.o
#        F:\study\AUTOSAR_TOOLs\S32K144_SIP\MICROSAR\CBD1800257_D01_S32K1xx\Applications\S32K144_Start_new_IAR\Debug\Obj\BswM_PBcfg.o
#        F:\study\AUTOSAR_TOOLs\S32K144_SIP\MICROSAR\CBD1800257_D01_S32K1xx\Applications\S32K144_Start_new_IAR\Debug\Obj\Can.o
#        F:\study\AUTOSAR_TOOLs\S32K144_SIP\MICROSAR\CBD1800257_D01_S32K1xx\Applications\S32K144_Start_new_IAR\Debug\Obj\Can_Irq.o
#        F:\study\AUTOSAR_TOOLs\S32K144_SIP\MICROSAR\CBD1800257_D01_S32K1xx\Applications\S32K144_Start_new_IAR\Debug\Obj\Can_Lcfg.o
#        F:\study\AUTOSAR_TOOLs\S32K144_SIP\MICROSAR\CBD1800257_D01_S32K1xx\Applications\S32K144_Start_new_IAR\Debug\Obj\Can_PBcfg.o
#        F:\study\AUTOSAR_TOOLs\S32K144_SIP\MICROSAR\CBD1800257_D01_S32K1xx\Applications\S32K144_Start_new_IAR\Debug\Obj\CanIf.o
#        F:\study\AUTOSAR_TOOLs\S32K144_SIP\MICROSAR\CBD1800257_D01_S32K1xx\Applications\S32K144_Start_new_IAR\Debug\Obj\CanIf_Lcfg.o
#        F:\study\AUTOSAR_TOOLs\S32K144_SIP\MICROSAR\CBD1800257_D01_S32K1xx\Applications\S32K144_Start_new_IAR\Debug\Obj\CanIf_PBcfg.o
#        F:\study\AUTOSAR_TOOLs\S32K144_SIP\MICROSAR\CBD1800257_D01_S32K1xx\Applications\S32K144_Start_new_IAR\Debug\Obj\CanSM.o
#        F:\study\AUTOSAR_TOOLs\S32K144_SIP\MICROSAR\CBD1800257_D01_S32K1xx\Applications\S32K144_Start_new_IAR\Debug\Obj\CanSM_Lcfg.o
#        F:\study\AUTOSAR_TOOLs\S32K144_SIP\MICROSAR\CBD1800257_D01_S32K1xx\Applications\S32K144_Start_new_IAR\Debug\Obj\CanTp.o
#        F:\study\AUTOSAR_TOOLs\S32K144_SIP\MICROSAR\CBD1800257_D01_S32K1xx\Applications\S32K144_Start_new_IAR\Debug\Obj\CanTp_Lcfg.o
#        F:\study\AUTOSAR_TOOLs\S32K144_SIP\MICROSAR\CBD1800257_D01_S32K1xx\Applications\S32K144_Start_new_IAR\Debug\Obj\CanTp_PBcfg.o
#        F:\study\AUTOSAR_TOOLs\S32K144_SIP\MICROSAR\CBD1800257_D01_S32K1xx\Applications\S32K144_Start_new_IAR\Debug\Obj\CddSbc.o
#        F:\study\AUTOSAR_TOOLs\S32K144_SIP\MICROSAR\CBD1800257_D01_S32K1xx\Applications\S32K144_Start_new_IAR\Debug\Obj\Com.o
#        F:\study\AUTOSAR_TOOLs\S32K144_SIP\MICROSAR\CBD1800257_D01_S32K1xx\Applications\S32K144_Start_new_IAR\Debug\Obj\Com_Lcfg.o
#        F:\study\AUTOSAR_TOOLs\S32K144_SIP\MICROSAR\CBD1800257_D01_S32K1xx\Applications\S32K144_Start_new_IAR\Debug\Obj\Com_PBcfg.o
#        F:\study\AUTOSAR_TOOLs\S32K144_SIP\MICROSAR\CBD1800257_D01_S32K1xx\Applications\S32K144_Start_new_IAR\Debug\Obj\ComM.o
#        F:\study\AUTOSAR_TOOLs\S32K144_SIP\MICROSAR\CBD1800257_D01_S32K1xx\Applications\S32K144_Start_new_IAR\Debug\Obj\ComM_Lcfg.o
#        F:\study\AUTOSAR_TOOLs\S32K144_SIP\MICROSAR\CBD1800257_D01_S32K1xx\Applications\S32K144_Start_new_IAR\Debug\Obj\ComM_PBcfg.o
#        F:\study\AUTOSAR_TOOLs\S32K144_SIP\MICROSAR\CBD1800257_D01_S32K1xx\Applications\S32K144_Start_new_IAR\Debug\Obj\CtLedTask.o
#        F:\study\AUTOSAR_TOOLs\S32K144_SIP\MICROSAR\CBD1800257_D01_S32K1xx\Applications\S32K144_Start_new_IAR\Debug\Obj\Dcm.o
#        F:\study\AUTOSAR_TOOLs\S32K144_SIP\MICROSAR\CBD1800257_D01_S32K1xx\Applications\S32K144_Start_new_IAR\Debug\Obj\Dcm_Callout_Stubs.o
#        F:\study\AUTOSAR_TOOLs\S32K144_SIP\MICROSAR\CBD1800257_D01_S32K1xx\Applications\S32K144_Start_new_IAR\Debug\Obj\Dcm_Lcfg.o
#        F:\study\AUTOSAR_TOOLs\S32K144_SIP\MICROSAR\CBD1800257_D01_S32K1xx\Applications\S32K144_Start_new_IAR\Debug\Obj\Dcm_PBcfg.o
#        F:\study\AUTOSAR_TOOLs\S32K144_SIP\MICROSAR\CBD1800257_D01_S32K1xx\Applications\S32K144_Start_new_IAR\Debug\Obj\Dem.o
#        F:\study\AUTOSAR_TOOLs\S32K144_SIP\MICROSAR\CBD1800257_D01_S32K1xx\Applications\S32K144_Start_new_IAR\Debug\Obj\Dem_Lcfg.o
#        F:\study\AUTOSAR_TOOLs\S32K144_SIP\MICROSAR\CBD1800257_D01_S32K1xx\Applications\S32K144_Start_new_IAR\Debug\Obj\Dem_PBcfg.o
#        F:\study\AUTOSAR_TOOLs\S32K144_SIP\MICROSAR\CBD1800257_D01_S32K1xx\Applications\S32K144_Start_new_IAR\Debug\Obj\Det.o
#        F:\study\AUTOSAR_TOOLs\S32K144_SIP\MICROSAR\CBD1800257_D01_S32K1xx\Applications\S32K144_Start_new_IAR\Debug\Obj\Det_Cfg.o
#        F:\study\AUTOSAR_TOOLs\S32K144_SIP\MICROSAR\CBD1800257_D01_S32K1xx\Applications\S32K144_Start_new_IAR\Debug\Obj\Dio.o
#        F:\study\AUTOSAR_TOOLs\S32K144_SIP\MICROSAR\CBD1800257_D01_S32K1xx\Applications\S32K144_Start_new_IAR\Debug\Obj\Dio_Cfg.o
#        F:\study\AUTOSAR_TOOLs\S32K144_SIP\MICROSAR\CBD1800257_D01_S32K1xx\Applications\S32K144_Start_new_IAR\Debug\Obj\Dio_Gpio.o
#        F:\study\AUTOSAR_TOOLs\S32K144_SIP\MICROSAR\CBD1800257_D01_S32K1xx\Applications\S32K144_Start_new_IAR\Debug\Obj\EcuM.o
#        F:\study\AUTOSAR_TOOLs\S32K144_SIP\MICROSAR\CBD1800257_D01_S32K1xx\Applications\S32K144_Start_new_IAR\Debug\Obj\EcuM_Callout_Stubs.o
#        F:\study\AUTOSAR_TOOLs\S32K144_SIP\MICROSAR\CBD1800257_D01_S32K1xx\Applications\S32K144_Start_new_IAR\Debug\Obj\EcuM_Cfg.o
#        F:\study\AUTOSAR_TOOLs\S32K144_SIP\MICROSAR\CBD1800257_D01_S32K1xx\Applications\S32K144_Start_new_IAR\Debug\Obj\EcuM_Init_Cfg.o
#        F:\study\AUTOSAR_TOOLs\S32K144_SIP\MICROSAR\CBD1800257_D01_S32K1xx\Applications\S32K144_Start_new_IAR\Debug\Obj\EcuM_Init_PBcfg.o
#        F:\study\AUTOSAR_TOOLs\S32K144_SIP\MICROSAR\CBD1800257_D01_S32K1xx\Applications\S32K144_Start_new_IAR\Debug\Obj\EcuM_PBcfg.o
#        F:\study\AUTOSAR_TOOLs\S32K144_SIP\MICROSAR\CBD1800257_D01_S32K1xx\Applications\S32K144_Start_new_IAR\Debug\Obj\Ftm_Common.o
#        F:\study\AUTOSAR_TOOLs\S32K144_SIP\MICROSAR\CBD1800257_D01_S32K1xx\Applications\S32K144_Start_new_IAR\Debug\Obj\Gpt.o
#        F:\study\AUTOSAR_TOOLs\S32K144_SIP\MICROSAR\CBD1800257_D01_S32K1xx\Applications\S32K144_Start_new_IAR\Debug\Obj\Gpt_Ftm.o
#        F:\study\AUTOSAR_TOOLs\S32K144_SIP\MICROSAR\CBD1800257_D01_S32K1xx\Applications\S32K144_Start_new_IAR\Debug\Obj\Gpt_Ipw.o
#        F:\study\AUTOSAR_TOOLs\S32K144_SIP\MICROSAR\CBD1800257_D01_S32K1xx\Applications\S32K144_Start_new_IAR\Debug\Obj\Gpt_LPit.o
#        F:\study\AUTOSAR_TOOLs\S32K144_SIP\MICROSAR\CBD1800257_D01_S32K1xx\Applications\S32K144_Start_new_IAR\Debug\Obj\Gpt_Lptmr.o
#        F:\study\AUTOSAR_TOOLs\S32K144_SIP\MICROSAR\CBD1800257_D01_S32K1xx\Applications\S32K144_Start_new_IAR\Debug\Obj\Gpt_PBcfg.o
#        F:\study\AUTOSAR_TOOLs\S32K144_SIP\MICROSAR\CBD1800257_D01_S32K1xx\Applications\S32K144_Start_new_IAR\Debug\Obj\Gpt_SRtc.o
#        F:\study\AUTOSAR_TOOLs\S32K144_SIP\MICROSAR\CBD1800257_D01_S32K1xx\Applications\S32K144_Start_new_IAR\Debug\Obj\LPit_Common.o
#        F:\study\AUTOSAR_TOOLs\S32K144_SIP\MICROSAR\CBD1800257_D01_S32K1xx\Applications\S32K144_Start_new_IAR\Debug\Obj\Lptmr_Common.o
#        F:\study\AUTOSAR_TOOLs\S32K144_SIP\MICROSAR\CBD1800257_D01_S32K1xx\Applications\S32K144_Start_new_IAR\Debug\Obj\Mcu.o
#        F:\study\AUTOSAR_TOOLs\S32K144_SIP\MICROSAR\CBD1800257_D01_S32K1xx\Applications\S32K144_Start_new_IAR\Debug\Obj\Mcu_Cfg.o
#        F:\study\AUTOSAR_TOOLs\S32K144_SIP\MICROSAR\CBD1800257_D01_S32K1xx\Applications\S32K144_Start_new_IAR\Debug\Obj\Mcu_CMU.o
#        F:\study\AUTOSAR_TOOLs\S32K144_SIP\MICROSAR\CBD1800257_D01_S32K1xx\Applications\S32K144_Start_new_IAR\Debug\Obj\Mcu_CMU_Irq.o
#        F:\study\AUTOSAR_TOOLs\S32K144_SIP\MICROSAR\CBD1800257_D01_S32K1xx\Applications\S32K144_Start_new_IAR\Debug\Obj\Mcu_CortexM4.o
#        F:\study\AUTOSAR_TOOLs\S32K144_SIP\MICROSAR\CBD1800257_D01_S32K1xx\Applications\S32K144_Start_new_IAR\Debug\Obj\Mcu_IPW.o
#        F:\study\AUTOSAR_TOOLs\S32K144_SIP\MICROSAR\CBD1800257_D01_S32K1xx\Applications\S32K144_Start_new_IAR\Debug\Obj\Mcu_IPW_Irq.o
#        F:\study\AUTOSAR_TOOLs\S32K144_SIP\MICROSAR\CBD1800257_D01_S32K1xx\Applications\S32K144_Start_new_IAR\Debug\Obj\Mcu_PBcfg.o
#        F:\study\AUTOSAR_TOOLs\S32K144_SIP\MICROSAR\CBD1800257_D01_S32K1xx\Applications\S32K144_Start_new_IAR\Debug\Obj\Mcu_PCC.o
#        F:\study\AUTOSAR_TOOLs\S32K144_SIP\MICROSAR\CBD1800257_D01_S32K1xx\Applications\S32K144_Start_new_IAR\Debug\Obj\Mcu_PMC.o
#        F:\study\AUTOSAR_TOOLs\S32K144_SIP\MICROSAR\CBD1800257_D01_S32K1xx\Applications\S32K144_Start_new_IAR\Debug\Obj\Mcu_PMC_Irq.o
#        F:\study\AUTOSAR_TOOLs\S32K144_SIP\MICROSAR\CBD1800257_D01_S32K1xx\Applications\S32K144_Start_new_IAR\Debug\Obj\Mcu_RCM.o
#        F:\study\AUTOSAR_TOOLs\S32K144_SIP\MICROSAR\CBD1800257_D01_S32K1xx\Applications\S32K144_Start_new_IAR\Debug\Obj\Mcu_SCG.o
#        F:\study\AUTOSAR_TOOLs\S32K144_SIP\MICROSAR\CBD1800257_D01_S32K1xx\Applications\S32K144_Start_new_IAR\Debug\Obj\Mcu_SIM.o
#        F:\study\AUTOSAR_TOOLs\S32K144_SIP\MICROSAR\CBD1800257_D01_S32K1xx\Applications\S32K144_Start_new_IAR\Debug\Obj\Mcu_SMC.o
#        F:\study\AUTOSAR_TOOLs\S32K144_SIP\MICROSAR\CBD1800257_D01_S32K1xx\Applications\S32K144_Start_new_IAR\Debug\Obj\Nm.o
#        F:\study\AUTOSAR_TOOLs\S32K144_SIP\MICROSAR\CBD1800257_D01_S32K1xx\Applications\S32K144_Start_new_IAR\Debug\Obj\Os_AccessCheck.o
#        F:\study\AUTOSAR_TOOLs\S32K144_SIP\MICROSAR\CBD1800257_D01_S32K1xx\Applications\S32K144_Start_new_IAR\Debug\Obj\Os_AccessCheck_Lcfg.o
#        F:\study\AUTOSAR_TOOLs\S32K144_SIP\MICROSAR\CBD1800257_D01_S32K1xx\Applications\S32K144_Start_new_IAR\Debug\Obj\Os_Alarm.o
#        F:\study\AUTOSAR_TOOLs\S32K144_SIP\MICROSAR\CBD1800257_D01_S32K1xx\Applications\S32K144_Start_new_IAR\Debug\Obj\Os_Alarm_Lcfg.o
#        F:\study\AUTOSAR_TOOLs\S32K144_SIP\MICROSAR\CBD1800257_D01_S32K1xx\Applications\S32K144_Start_new_IAR\Debug\Obj\Os_Application.o
#        F:\study\AUTOSAR_TOOLs\S32K144_SIP\MICROSAR\CBD1800257_D01_S32K1xx\Applications\S32K144_Start_new_IAR\Debug\Obj\Os_Application_Lcfg.o
#        F:\study\AUTOSAR_TOOLs\S32K144_SIP\MICROSAR\CBD1800257_D01_S32K1xx\Applications\S32K144_Start_new_IAR\Debug\Obj\Os_Barrier.o
#        F:\study\AUTOSAR_TOOLs\S32K144_SIP\MICROSAR\CBD1800257_D01_S32K1xx\Applications\S32K144_Start_new_IAR\Debug\Obj\Os_Barrier_Lcfg.o
#        F:\study\AUTOSAR_TOOLs\S32K144_SIP\MICROSAR\CBD1800257_D01_S32K1xx\Applications\S32K144_Start_new_IAR\Debug\Obj\Os_Bit.o
#        F:\study\AUTOSAR_TOOLs\S32K144_SIP\MICROSAR\CBD1800257_D01_S32K1xx\Applications\S32K144_Start_new_IAR\Debug\Obj\Os_BitArray.o
#        F:\study\AUTOSAR_TOOLs\S32K144_SIP\MICROSAR\CBD1800257_D01_S32K1xx\Applications\S32K144_Start_new_IAR\Debug\Obj\Os_Callout_Stubs.o
#        F:\study\AUTOSAR_TOOLs\S32K144_SIP\MICROSAR\CBD1800257_D01_S32K1xx\Applications\S32K144_Start_new_IAR\Debug\Obj\Os_Core.o
#        F:\study\AUTOSAR_TOOLs\S32K144_SIP\MICROSAR\CBD1800257_D01_S32K1xx\Applications\S32K144_Start_new_IAR\Debug\Obj\Os_Core_Lcfg.o
#        F:\study\AUTOSAR_TOOLs\S32K144_SIP\MICROSAR\CBD1800257_D01_S32K1xx\Applications\S32K144_Start_new_IAR\Debug\Obj\Os_Counter.o
#        F:\study\AUTOSAR_TOOLs\S32K144_SIP\MICROSAR\CBD1800257_D01_S32K1xx\Applications\S32K144_Start_new_IAR\Debug\Obj\Os_Counter_Lcfg.o
#        F:\study\AUTOSAR_TOOLs\S32K144_SIP\MICROSAR\CBD1800257_D01_S32K1xx\Applications\S32K144_Start_new_IAR\Debug\Obj\Os_Deque.o
#        F:\study\AUTOSAR_TOOLs\S32K144_SIP\MICROSAR\CBD1800257_D01_S32K1xx\Applications\S32K144_Start_new_IAR\Debug\Obj\Os_Error.o
#        F:\study\AUTOSAR_TOOLs\S32K144_SIP\MICROSAR\CBD1800257_D01_S32K1xx\Applications\S32K144_Start_new_IAR\Debug\Obj\Os_Error_Lcfg.o
#        F:\study\AUTOSAR_TOOLs\S32K144_SIP\MICROSAR\CBD1800257_D01_S32K1xx\Applications\S32K144_Start_new_IAR\Debug\Obj\Os_Event.o
#        F:\study\AUTOSAR_TOOLs\S32K144_SIP\MICROSAR\CBD1800257_D01_S32K1xx\Applications\S32K144_Start_new_IAR\Debug\Obj\Os_Fifo.o
#        F:\study\AUTOSAR_TOOLs\S32K144_SIP\MICROSAR\CBD1800257_D01_S32K1xx\Applications\S32K144_Start_new_IAR\Debug\Obj\Os_Fifo08.o
#        F:\study\AUTOSAR_TOOLs\S32K144_SIP\MICROSAR\CBD1800257_D01_S32K1xx\Applications\S32K144_Start_new_IAR\Debug\Obj\Os_Fifo16.o
#        F:\study\AUTOSAR_TOOLs\S32K144_SIP\MICROSAR\CBD1800257_D01_S32K1xx\Applications\S32K144_Start_new_IAR\Debug\Obj\Os_Fifo32.o
#        F:\study\AUTOSAR_TOOLs\S32K144_SIP\MICROSAR\CBD1800257_D01_S32K1xx\Applications\S32K144_Start_new_IAR\Debug\Obj\Os_FifoRef.o
#        F:\study\AUTOSAR_TOOLs\S32K144_SIP\MICROSAR\CBD1800257_D01_S32K1xx\Applications\S32K144_Start_new_IAR\Debug\Obj\Os_Hal_Compiler_Arm.o
#        F:\study\AUTOSAR_TOOLs\S32K144_SIP\MICROSAR\CBD1800257_D01_S32K1xx\Applications\S32K144_Start_new_IAR\Debug\Obj\Os_Hal_Compiler_Iar.o
#        F:\study\AUTOSAR_TOOLs\S32K144_SIP\MICROSAR\CBD1800257_D01_S32K1xx\Applications\S32K144_Start_new_IAR\Debug\Obj\Os_Hal_Context_Lcfg.o
#        F:\study\AUTOSAR_TOOLs\S32K144_SIP\MICROSAR\CBD1800257_D01_S32K1xx\Applications\S32K144_Start_new_IAR\Debug\Obj\Os_Hal_Context_v7m.o
#        F:\study\AUTOSAR_TOOLs\S32K144_SIP\MICROSAR\CBD1800257_D01_S32K1xx\Applications\S32K144_Start_new_IAR\Debug\Obj\Os_Hal_ContextAsm.o
#        F:\study\AUTOSAR_TOOLs\S32K144_SIP\MICROSAR\CBD1800257_D01_S32K1xx\Applications\S32K144_Start_new_IAR\Debug\Obj\Os_Hal_Core.o
#        F:\study\AUTOSAR_TOOLs\S32K144_SIP\MICROSAR\CBD1800257_D01_S32K1xx\Applications\S32K144_Start_new_IAR\Debug\Obj\Os_Hal_Core_Lcfg.o
#        F:\study\AUTOSAR_TOOLs\S32K144_SIP\MICROSAR\CBD1800257_D01_S32K1xx\Applications\S32K144_Start_new_IAR\Debug\Obj\Os_Hal_Entry.o
#        F:\study\AUTOSAR_TOOLs\S32K144_SIP\MICROSAR\CBD1800257_D01_S32K1xx\Applications\S32K144_Start_new_IAR\Debug\Obj\Os_Hal_Entry_Lcfg.o
#        F:\study\AUTOSAR_TOOLs\S32K144_SIP\MICROSAR\CBD1800257_D01_S32K1xx\Applications\S32K144_Start_new_IAR\Debug\Obj\Os_Hal_EntryAsm_Lcfg.o
#        F:\study\AUTOSAR_TOOLs\S32K144_SIP\MICROSAR\CBD1800257_D01_S32K1xx\Applications\S32K144_Start_new_IAR\Debug\Obj\Os_Hal_Interrupt_Lcfg.o
#        F:\study\AUTOSAR_TOOLs\S32K144_SIP\MICROSAR\CBD1800257_D01_S32K1xx\Applications\S32K144_Start_new_IAR\Debug\Obj\Os_Hal_Kernel_Lcfg.o
#        F:\study\AUTOSAR_TOOLs\S32K144_SIP\MICROSAR\CBD1800257_D01_S32K1xx\Applications\S32K144_Start_new_IAR\Debug\Obj\Os_Hal_MemoryProtection_Lcfg.o
#        F:\study\AUTOSAR_TOOLs\S32K144_SIP\MICROSAR\CBD1800257_D01_S32K1xx\Applications\S32K144_Start_new_IAR\Debug\Obj\Os_Hal_Timer_Lcfg.o
#        F:\study\AUTOSAR_TOOLs\S32K144_SIP\MICROSAR\CBD1800257_D01_S32K1xx\Applications\S32K144_Start_new_IAR\Debug\Obj\Os_Hook.o
#        F:\study\AUTOSAR_TOOLs\S32K144_SIP\MICROSAR\CBD1800257_D01_S32K1xx\Applications\S32K144_Start_new_IAR\Debug\Obj\Os_Hook_Lcfg.o
#        F:\study\AUTOSAR_TOOLs\S32K144_SIP\MICROSAR\CBD1800257_D01_S32K1xx\Applications\S32K144_Start_new_IAR\Debug\Obj\Os_Interrupt.o
#        F:\study\AUTOSAR_TOOLs\S32K144_SIP\MICROSAR\CBD1800257_D01_S32K1xx\Applications\S32K144_Start_new_IAR\Debug\Obj\Os_Ioc.o
#        F:\study\AUTOSAR_TOOLs\S32K144_SIP\MICROSAR\CBD1800257_D01_S32K1xx\Applications\S32K144_Start_new_IAR\Debug\Obj\Os_Ioc_Lcfg.o
#        F:\study\AUTOSAR_TOOLs\S32K144_SIP\MICROSAR\CBD1800257_D01_S32K1xx\Applications\S32K144_Start_new_IAR\Debug\Obj\Os_Isr.o
#        F:\study\AUTOSAR_TOOLs\S32K144_SIP\MICROSAR\CBD1800257_D01_S32K1xx\Applications\S32K144_Start_new_IAR\Debug\Obj\Os_Isr_Lcfg.o
#        F:\study\AUTOSAR_TOOLs\S32K144_SIP\MICROSAR\CBD1800257_D01_S32K1xx\Applications\S32K144_Start_new_IAR\Debug\Obj\Os_Job.o
#        F:\study\AUTOSAR_TOOLs\S32K144_SIP\MICROSAR\CBD1800257_D01_S32K1xx\Applications\S32K144_Start_new_IAR\Debug\Obj\Os_Lock.o
#        F:\study\AUTOSAR_TOOLs\S32K144_SIP\MICROSAR\CBD1800257_D01_S32K1xx\Applications\S32K144_Start_new_IAR\Debug\Obj\Os_MemoryProtection.o
#        F:\study\AUTOSAR_TOOLs\S32K144_SIP\MICROSAR\CBD1800257_D01_S32K1xx\Applications\S32K144_Start_new_IAR\Debug\Obj\Os_MemoryProtection_Lcfg.o
#        F:\study\AUTOSAR_TOOLs\S32K144_SIP\MICROSAR\CBD1800257_D01_S32K1xx\Applications\S32K144_Start_new_IAR\Debug\Obj\Os_Peripheral.o
#        F:\study\AUTOSAR_TOOLs\S32K144_SIP\MICROSAR\CBD1800257_D01_S32K1xx\Applications\S32K144_Start_new_IAR\Debug\Obj\Os_Peripheral_Lcfg.o
#        F:\study\AUTOSAR_TOOLs\S32K144_SIP\MICROSAR\CBD1800257_D01_S32K1xx\Applications\S32K144_Start_new_IAR\Debug\Obj\Os_PriorityQueue.o
#        F:\study\AUTOSAR_TOOLs\S32K144_SIP\MICROSAR\CBD1800257_D01_S32K1xx\Applications\S32K144_Start_new_IAR\Debug\Obj\Os_Resource.o
#        F:\study\AUTOSAR_TOOLs\S32K144_SIP\MICROSAR\CBD1800257_D01_S32K1xx\Applications\S32K144_Start_new_IAR\Debug\Obj\Os_Resource_Lcfg.o
#        F:\study\AUTOSAR_TOOLs\S32K144_SIP\MICROSAR\CBD1800257_D01_S32K1xx\Applications\S32K144_Start_new_IAR\Debug\Obj\Os_Scheduler.o
#        F:\study\AUTOSAR_TOOLs\S32K144_SIP\MICROSAR\CBD1800257_D01_S32K1xx\Applications\S32K144_Start_new_IAR\Debug\Obj\Os_Scheduler_Lcfg.o
#        F:\study\AUTOSAR_TOOLs\S32K144_SIP\MICROSAR\CBD1800257_D01_S32K1xx\Applications\S32K144_Start_new_IAR\Debug\Obj\Os_ScheduleTable.o
#        F:\study\AUTOSAR_TOOLs\S32K144_SIP\MICROSAR\CBD1800257_D01_S32K1xx\Applications\S32K144_Start_new_IAR\Debug\Obj\Os_ScheduleTable_Lcfg.o
#        F:\study\AUTOSAR_TOOLs\S32K144_SIP\MICROSAR\CBD1800257_D01_S32K1xx\Applications\S32K144_Start_new_IAR\Debug\Obj\Os_ServiceFunction.o
#        F:\study\AUTOSAR_TOOLs\S32K144_SIP\MICROSAR\CBD1800257_D01_S32K1xx\Applications\S32K144_Start_new_IAR\Debug\Obj\Os_ServiceFunction_Lcfg.o
#        F:\study\AUTOSAR_TOOLs\S32K144_SIP\MICROSAR\CBD1800257_D01_S32K1xx\Applications\S32K144_Start_new_IAR\Debug\Obj\Os_Spinlock.o
#        F:\study\AUTOSAR_TOOLs\S32K144_SIP\MICROSAR\CBD1800257_D01_S32K1xx\Applications\S32K144_Start_new_IAR\Debug\Obj\Os_Spinlock_Lcfg.o
#        F:\study\AUTOSAR_TOOLs\S32K144_SIP\MICROSAR\CBD1800257_D01_S32K1xx\Applications\S32K144_Start_new_IAR\Debug\Obj\Os_Stack.o
#        F:\study\AUTOSAR_TOOLs\S32K144_SIP\MICROSAR\CBD1800257_D01_S32K1xx\Applications\S32K144_Start_new_IAR\Debug\Obj\Os_Stack_Lcfg.o
#        F:\study\AUTOSAR_TOOLs\S32K144_SIP\MICROSAR\CBD1800257_D01_S32K1xx\Applications\S32K144_Start_new_IAR\Debug\Obj\Os_Task.o
#        F:\study\AUTOSAR_TOOLs\S32K144_SIP\MICROSAR\CBD1800257_D01_S32K1xx\Applications\S32K144_Start_new_IAR\Debug\Obj\Os_Task_Lcfg.o
#        F:\study\AUTOSAR_TOOLs\S32K144_SIP\MICROSAR\CBD1800257_D01_S32K1xx\Applications\S32K144_Start_new_IAR\Debug\Obj\Os_Thread.o
#        F:\study\AUTOSAR_TOOLs\S32K144_SIP\MICROSAR\CBD1800257_D01_S32K1xx\Applications\S32K144_Start_new_IAR\Debug\Obj\Os_Timer.o
#        F:\study\AUTOSAR_TOOLs\S32K144_SIP\MICROSAR\CBD1800257_D01_S32K1xx\Applications\S32K144_Start_new_IAR\Debug\Obj\Os_TimingProtection.o
#        F:\study\AUTOSAR_TOOLs\S32K144_SIP\MICROSAR\CBD1800257_D01_S32K1xx\Applications\S32K144_Start_new_IAR\Debug\Obj\Os_TimingProtection_Lcfg.o
#        F:\study\AUTOSAR_TOOLs\S32K144_SIP\MICROSAR\CBD1800257_D01_S32K1xx\Applications\S32K144_Start_new_IAR\Debug\Obj\Os_Trace.o
#        F:\study\AUTOSAR_TOOLs\S32K144_SIP\MICROSAR\CBD1800257_D01_S32K1xx\Applications\S32K144_Start_new_IAR\Debug\Obj\Os_Trace_Lcfg.o
#        F:\study\AUTOSAR_TOOLs\S32K144_SIP\MICROSAR\CBD1800257_D01_S32K1xx\Applications\S32K144_Start_new_IAR\Debug\Obj\Os_Trap.o
#        F:\study\AUTOSAR_TOOLs\S32K144_SIP\MICROSAR\CBD1800257_D01_S32K1xx\Applications\S32K144_Start_new_IAR\Debug\Obj\Os_XSignal.o
#        F:\study\AUTOSAR_TOOLs\S32K144_SIP\MICROSAR\CBD1800257_D01_S32K1xx\Applications\S32K144_Start_new_IAR\Debug\Obj\Os_XSignal_Lcfg.o
#        F:\study\AUTOSAR_TOOLs\S32K144_SIP\MICROSAR\CBD1800257_D01_S32K1xx\Applications\S32K144_Start_new_IAR\Debug\Obj\OsAppTask.o
#        F:\study\AUTOSAR_TOOLs\S32K144_SIP\MICROSAR\CBD1800257_D01_S32K1xx\Applications\S32K144_Start_new_IAR\Debug\Obj\PduR.o
#        F:\study\AUTOSAR_TOOLs\S32K144_SIP\MICROSAR\CBD1800257_D01_S32K1xx\Applications\S32K144_Start_new_IAR\Debug\Obj\PduR_Bm.o
#        F:\study\AUTOSAR_TOOLs\S32K144_SIP\MICROSAR\CBD1800257_D01_S32K1xx\Applications\S32K144_Start_new_IAR\Debug\Obj\PduR_Fm.o
#        F:\study\AUTOSAR_TOOLs\S32K144_SIP\MICROSAR\CBD1800257_D01_S32K1xx\Applications\S32K144_Start_new_IAR\Debug\Obj\PduR_Lcfg.o
#        F:\study\AUTOSAR_TOOLs\S32K144_SIP\MICROSAR\CBD1800257_D01_S32K1xx\Applications\S32K144_Start_new_IAR\Debug\Obj\PduR_Lock.o
#        F:\study\AUTOSAR_TOOLs\S32K144_SIP\MICROSAR\CBD1800257_D01_S32K1xx\Applications\S32K144_Start_new_IAR\Debug\Obj\PduR_McQ.o
#        F:\study\AUTOSAR_TOOLs\S32K144_SIP\MICROSAR\CBD1800257_D01_S32K1xx\Applications\S32K144_Start_new_IAR\Debug\Obj\PduR_PBcfg.o
#        F:\study\AUTOSAR_TOOLs\S32K144_SIP\MICROSAR\CBD1800257_D01_S32K1xx\Applications\S32K144_Start_new_IAR\Debug\Obj\PduR_RmIf.o
#        F:\study\AUTOSAR_TOOLs\S32K144_SIP\MICROSAR\CBD1800257_D01_S32K1xx\Applications\S32K144_Start_new_IAR\Debug\Obj\PduR_RmTp.o
#        F:\study\AUTOSAR_TOOLs\S32K144_SIP\MICROSAR\CBD1800257_D01_S32K1xx\Applications\S32K144_Start_new_IAR\Debug\Obj\PduR_RmTp_TxInst.o
#        F:\study\AUTOSAR_TOOLs\S32K144_SIP\MICROSAR\CBD1800257_D01_S32K1xx\Applications\S32K144_Start_new_IAR\Debug\Obj\PduR_Sm.o
#        F:\study\AUTOSAR_TOOLs\S32K144_SIP\MICROSAR\CBD1800257_D01_S32K1xx\Applications\S32K144_Start_new_IAR\Debug\Obj\Port.o
#        F:\study\AUTOSAR_TOOLs\S32K144_SIP\MICROSAR\CBD1800257_D01_S32K1xx\Applications\S32K144_Start_new_IAR\Debug\Obj\Port_Cfg.o
#        F:\study\AUTOSAR_TOOLs\S32K144_SIP\MICROSAR\CBD1800257_D01_S32K1xx\Applications\S32K144_Start_new_IAR\Debug\Obj\Port_Ipw.o
#        F:\study\AUTOSAR_TOOLs\S32K144_SIP\MICROSAR\CBD1800257_D01_S32K1xx\Applications\S32K144_Start_new_IAR\Debug\Obj\Port_PBcfg.o
#        F:\study\AUTOSAR_TOOLs\S32K144_SIP\MICROSAR\CBD1800257_D01_S32K1xx\Applications\S32K144_Start_new_IAR\Debug\Obj\Port_Port_Ci.o
#        F:\study\AUTOSAR_TOOLs\S32K144_SIP\MICROSAR\CBD1800257_D01_S32K1xx\Applications\S32K144_Start_new_IAR\Debug\Obj\Rte.o
#        F:\study\AUTOSAR_TOOLs\S32K144_SIP\MICROSAR\CBD1800257_D01_S32K1xx\Applications\S32K144_Start_new_IAR\Debug\Obj\Spi.o
#        F:\study\AUTOSAR_TOOLs\S32K144_SIP\MICROSAR\CBD1800257_D01_S32K1xx\Applications\S32K144_Start_new_IAR\Debug\Obj\Spi_Cfg.o
#        F:\study\AUTOSAR_TOOLs\S32K144_SIP\MICROSAR\CBD1800257_D01_S32K1xx\Applications\S32K144_Start_new_IAR\Debug\Obj\Spi_LPspi.o
#        F:\study\AUTOSAR_TOOLs\S32K144_SIP\MICROSAR\CBD1800257_D01_S32K1xx\Applications\S32K144_Start_new_IAR\Debug\Obj\Spi_LPspi_Irq.o
#        F:\study\AUTOSAR_TOOLs\S32K144_SIP\MICROSAR\CBD1800257_D01_S32K1xx\Applications\S32K144_Start_new_IAR\Debug\Obj\Spi_PBcfg.o
#        F:\study\AUTOSAR_TOOLs\S32K144_SIP\MICROSAR\CBD1800257_D01_S32K1xx\Applications\S32K144_Start_new_IAR\Debug\Obj\startup.o
#        F:\study\AUTOSAR_TOOLs\S32K144_SIP\MICROSAR\CBD1800257_D01_S32K1xx\Applications\S32K144_Start_new_IAR\Debug\Obj\startup_S32K148.o
#        F:\study\AUTOSAR_TOOLs\S32K144_SIP\MICROSAR\CBD1800257_D01_S32K1xx\Applications\S32K144_Start_new_IAR\Debug\Obj\system_S32K148.o
#        F:\study\AUTOSAR_TOOLs\S32K144_SIP\MICROSAR\CBD1800257_D01_S32K1xx\Applications\S32K144_Start_new_IAR\Debug\Obj\vstdlib.o
#        --no_out_extension -o
#        F:\study\AUTOSAR_TOOLs\S32K144_SIP\MICROSAR\CBD1800257_D01_S32K1xx\Applications\S32K144_Start_new_IAR\Debug\Exe\ASR_S32K144_Start.out
#        --map
#        F:\study\AUTOSAR_TOOLs\S32K144_SIP\MICROSAR\CBD1800257_D01_S32K1xx\Applications\S32K144_Start_new_IAR\Debug\List\ASR_S32K144_Start.map
#        --config
#        F:\study\AUTOSAR_TOOLs\S32K144_SIP\MICROSAR\CBD1800257_D01_S32K1xx\Applications\S32K144_Start_new_IAR\Appl\S32K148Asr.icf
#        --semihosting --entry __iar_program_start --vfe --utf8_text_in
#        --text_out utf8)
#
###############################################################################

*******************************************************************************
*** MESSAGES
***

Error[Li005]: no definition for "WdgM_MainFunction" [referenced from F:\study\A
          UTOSAR_TOOLs\S32K144_SIP\MICROSAR\CBD1800257_D01_S32K1xx\Applications
          \S32K144_Start_new_IAR\Debug\Obj\Rte.o]
Error[Li005]: no definition for "Os_Isr_Wdg_Wdog0_Isr" [referenced from F:\stud
          y\AUTOSAR_TOOLs\S32K144_SIP\MICROSAR\CBD1800257_D01_S32K1xx\Applicati
          ons\S32K144_Start_new_IAR\Debug\Obj\Os_Hal_Context_Lcfg.o]
Error[Li005]: no definition for "WdgM_Init" [referenced from F:\study\AUTOSAR_T
          OOLs\S32K144_SIP\MICROSAR\CBD1800257_D01_S32K1xx\Applications\S32K144
          _Start_new_IAR\Debug\Obj\EcuM_Callout_Stubs.o]
Error[Li005]: no definition for "Wdg_Init" [referenced from F:\study\AUTOSAR_TO
          OLs\S32K144_SIP\MICROSAR\CBD1800257_D01_S32K1xx\Applications\S32K144_
          Start_new_IAR\Debug\Obj\EcuM_Callout_Stubs.o]
Error[Li005]: no definition for "WdgMConfig_Mode0_core0" [referenced from F:\st
          udy\AUTOSAR_TOOLs\S32K144_SIP\MICROSAR\CBD1800257_D01_S32K1xx\Applica
          tions\S32K144_Start_new_IAR\Debug\Obj\EcuM_Callout_Stubs.o]
Error[Li005]: no definition for "Wdg_Cbk_GptNotification0" [referenced from F:\
          study\AUTOSAR_TOOLs\S32K144_SIP\MICROSAR\CBD1800257_D01_S32K1xx\Appli
          cations\S32K144_Start_new_IAR\Debug\Obj\Gpt_PBcfg.o]


*******************************************************************************
*** RUNTIME MODEL ATTRIBUTES
***

CppFlavor       = *
__SystemLibrary = DLib
__dlib_version  = 6


*******************************************************************************
*** HEAP SELECTION
***

The basic heap was selected because no calls to memory allocation
functions were found in the application outside of system library
functions, and there are calls to deallocation functions in the
application.


*******************************************************************************
*** PLACEMENT SUMMARY
***

"P1":  place in [from 0x400 to 0x40f] { section FlashConfig };
define block OS_EXCVEC_CORE0_CODE_BLOCK
   with alignment = 8 { section .OS_EXCVEC_CORE0_CODE };
define block OS_EXCVEC_CORE0_CODE
   with fixed order {
      section OS_EXCVEC_CORE0_CODE_START_SEC, block OS_EXCVEC_CORE0_CODE_BLOCK,
      section OS_EXCVEC_CORE0_CODE_LIMIT_SEC };
"PROGRAM_FLASH__OS_EXCVEC_CORE0_CODE":
       place in [from 0x500 to 0x8'0000] { block OS_EXCVEC_CORE0_CODE };
define block OS_EXCVEC_CORE0_CONST_BLOCK
   with alignment = 8 { section .OS_EXCVEC_CORE0_CONST };
define block OS_EXCVEC_CORE0_CONST_FAST_BLOCK
   with alignment = 8 { section .OS_EXCVEC_CORE0_CONST_FAST };
define block OS_EXCVEC_CORE0_CONST
   with fixed order {
      section OS_EXCVEC_CORE0_CONST_START_SEC,
      block OS_EXCVEC_CORE0_CONST_BLOCK,
      block OS_EXCVEC_CORE0_CONST_FAST_BLOCK,
      section OS_EXCVEC_CORE0_CONST_LIMIT_SEC };
"VECTORS__OS_EXCVEC_CORE0_CONST":
       place in [from 0x0 to 0x3ff] { block OS_EXCVEC_CORE0_CONST };
define block OS_INTVEC_CODE_BLOCK
   with alignment = 128 { section .OS_INTVEC_CODE };
define block OS_INTVEC_CODE
   with fixed order, alignment = 128 {
      section OS_INTVEC_CODE_START_SEC, block OS_INTVEC_CODE_BLOCK,
      section OS_INTVEC_CODE_LIMIT_SEC };
"PROGRAM_FLASH__OS_INTVEC_CODE":
       place in [from 0x500 to 0x8'0000] { block OS_INTVEC_CODE };
define block OS_INTVEC_CORE0_CODE_BLOCK
   with alignment = 128 { section .OS_INTVEC_CORE0_CODE };
define block OS_INTVEC_CORE0_CODE
   with fixed order, alignment = 128 {
      section OS_INTVEC_CORE0_CODE_START_SEC, block OS_INTVEC_CORE0_CODE_BLOCK,
      section OS_INTVEC_CORE0_CODE_LIMIT_SEC };
"PROGRAM_FLASH__OS_INTVEC_CORE0_CODE":
       place in [from 0x500 to 0x8'0000] { block OS_INTVEC_CORE0_CODE };
define block OS_INTVEC_CORE0_CONST_BLOCK
   with alignment = 128 { section .OS_INTVEC_CORE0_CONST };
define block OS_INTVEC_CORE0_CONST_FAST_BLOCK
   with alignment = 128 { section .OS_INTVEC_CORE0_CONST_FAST };
define block OS_INTVEC_CORE0_CONST
   with fixed order, alignment = 128 {
      section OS_INTVEC_CORE0_CONST_START_SEC,
      block OS_INTVEC_CORE0_CONST_BLOCK,
      block OS_INTVEC_CORE0_CONST_FAST_BLOCK,
      section OS_INTVEC_CORE0_CONST_LIMIT_SEC };
"VECTORS__OS_INTVEC_CORE0_CONST":
       place in [from 0x0 to 0x3ff] { block OS_INTVEC_CORE0_CONST };
define block OS_STACK_DEFAULT_APPL_TASK_VAR_NOINIT_BLOCK
   with alignment = 32 { section .OS_STACK_DEFAULT_APPL_TASK_VAR_NOINIT };
define block OS_STACK_DEFAULT_BSW_ASYNC_TASK_VAR_NOINIT_BLOCK
   with alignment = 32 { section .OS_STACK_DEFAULT_BSW_ASYNC_TASK_VAR_NOINIT };
define block OS_STACK_OSCORE0_ERROR_VAR_NOINIT_BLOCK
   with alignment = 32 { section .OS_STACK_OSCORE0_ERROR_VAR_NOINIT };
define block OS_STACK_OSCORE0_INIT_VAR_NOINIT_BLOCK
   with alignment = 32 { section .OS_STACK_OSCORE0_INIT_VAR_NOINIT };
define block OS_STACK_OSCORE0_ISR_CORE_VAR_NOINIT_BLOCK
   with alignment = 32 { section .OS_STACK_OSCORE0_ISR_CORE_VAR_NOINIT };
define block OS_STACK_OSCORE0_KERNEL_VAR_NOINIT_BLOCK
   with alignment = 32 { section .OS_STACK_OSCORE0_KERNEL_VAR_NOINIT };
define block OS_STACK_OSCORE0_PROTECTION_VAR_NOINIT_BLOCK
   with alignment = 32 { section .OS_STACK_OSCORE0_PROTECTION_VAR_NOINIT };
define block OS_STACK_OSCORE0_TASK_PRIO10_VAR_NOINIT_BLOCK
   with alignment = 32 { section .OS_STACK_OSCORE0_TASK_PRIO10_VAR_NOINIT };
define block OS_STACK_OSCORE0_TASK_PRIO30_VAR_NOINIT_BLOCK
   with alignment = 32 { section .OS_STACK_OSCORE0_TASK_PRIO30_VAR_NOINIT };
define block OS_STACK_OSCORE0_TASK_PRIO40_VAR_NOINIT_BLOCK
   with alignment = 32 { section .OS_STACK_OSCORE0_TASK_PRIO40_VAR_NOINIT };
define block OS_STACK_OSCORE0_TASK_PRIO4294967295_VAR_NOINIT_BLOCK
   with alignment = 32 {
      section .OS_STACK_OSCORE0_TASK_PRIO4294967295_VAR_NOINIT };
define block OS_STACK_OSCORE0_TASK_PRIO45_VAR_NOINIT_BLOCK
   with alignment = 32 { section .OS_STACK_OSCORE0_TASK_PRIO45_VAR_NOINIT };
define block OS_STACK_OSCORE0_TASK_PRIO5_VAR_NOINIT_BLOCK
   with alignment = 32 { section .OS_STACK_OSCORE0_TASK_PRIO5_VAR_NOINIT };
define block OS_STACK_OSCORE0_TASK_PRIO50_VAR_NOINIT_BLOCK
   with alignment = 32 { section .OS_STACK_OSCORE0_TASK_PRIO50_VAR_NOINIT };
define block OS_STACK_OSCORE0_TASK_PRIO100_VAR_NOINIT_BLOCK
   with alignment = 32 { section .OS_STACK_OSCORE0_TASK_PRIO100_VAR_NOINIT };
define block OS_STACK_OSTASK_APP_VAR_NOINIT_BLOCK
   with alignment = 8 { section .OS_STACK_OSTASK_APP_VAR_NOINIT };
define block OS_STACK_OSTASK_BSW_SCHM_VAR_NOINIT_BLOCK
   with alignment = 8 { section .OS_STACK_OSTASK_BSW_SCHM_VAR_NOINIT };
define block OS_STACKS_CORE0_NOINIT
   with fixed order, alignment = 4 {
      section OS_STACKS_CORE0_NOINIT_START_SEC,
      block OS_STACK_DEFAULT_APPL_TASK_VAR_NOINIT_BLOCK,
      block OS_STACK_DEFAULT_BSW_ASYNC_TASK_VAR_NOINIT_BLOCK,
      block OS_STACK_OSCORE0_ERROR_VAR_NOINIT_BLOCK,
      block OS_STACK_OSCORE0_INIT_VAR_NOINIT_BLOCK,
      block OS_STACK_OSCORE0_ISR_CORE_VAR_NOINIT_BLOCK,
      block OS_STACK_OSCORE0_KERNEL_VAR_NOINIT_BLOCK,
      block OS_STACK_OSCORE0_PROTECTION_VAR_NOINIT_BLOCK,
      block OS_STACK_OSCORE0_TASK_PRIO10_VAR_NOINIT_BLOCK,
      block OS_STACK_OSCORE0_TASK_PRIO30_VAR_NOINIT_BLOCK,
      block OS_STACK_OSCORE0_TASK_PRIO40_VAR_NOINIT_BLOCK,
      block OS_STACK_OSCORE0_TASK_PRIO4294967295_VAR_NOINIT_BLOCK,
      block OS_STACK_OSCORE0_TASK_PRIO45_VAR_NOINIT_BLOCK,
      block OS_STACK_OSCORE0_TASK_PRIO5_VAR_NOINIT_BLOCK,
      block OS_STACK_OSCORE0_TASK_PRIO50_VAR_NOINIT_BLOCK,
      block OS_STACK_OSCORE0_TASK_PRIO100_VAR_NOINIT_BLOCK,
      block OS_STACK_OSTASK_APP_VAR_NOINIT_BLOCK,
      block OS_STACK_OSTASK_BSW_SCHM_VAR_NOINIT_BLOCK,
      section OS_STACKS_CORE0_NOINIT_LIMIT_SEC };
"INTERNAL_RAM__OS_STACKS_CORE0_NOINIT":
       place in [from 0x1fff'8000 to 0x2000'0000] {
          block OS_STACKS_CORE0_NOINIT };
define block OS_SystemApplication_OsCore0_VAR_FAST_NOCACHE_NOINIT_BLOCK
   with alignment = 8 {
      section .OS_SystemApplication_OsCore0_VAR_FAST_NOCACHE_NOINIT };
define block OS_SystemApplication_OsCore0_VAR_FAST_NOINIT_BLOCK
   with alignment = 8 { section .OS_SystemApplication_OsCore0_VAR_FAST_NOINIT };
define block OS_SystemApplication_OsCore0_VAR_NOCACHE_NOINIT_BLOCK
   with alignment = 8 {
      section .OS_SystemApplication_OsCore0_VAR_NOCACHE_NOINIT };
define block OS_SystemApplication_OsCore0_VAR_NOINIT_BLOCK
   with alignment = 8 { section .OS_SystemApplication_OsCore0_VAR_NOINIT };
define block OS_SystemApplication_OsCore0_NOINIT
   with fixed order, alignment = 4 {
      section OS_SystemApplication_OsCore0_NOINIT_START_SEC,
      block OS_SystemApplication_OsCore0_VAR_FAST_NOCACHE_NOINIT_BLOCK,
      block OS_SystemApplication_OsCore0_VAR_FAST_NOINIT_BLOCK,
      block OS_SystemApplication_OsCore0_VAR_NOCACHE_NOINIT_BLOCK,
      block OS_SystemApplication_OsCore0_VAR_NOINIT_BLOCK,
      section OS_SystemApplication_OsCore0_NOINIT_LIMIT_SEC };
"INTERNAL_RAM__OS_SystemApplication_OsCore0_NOINIT":
       place in [from 0x1fff'8000 to 0x2000'0000] {
          block OS_SystemApplication_OsCore0_NOINIT };
define block Startup_Code_Core0 with alignment = 8 { section .brsStartup };
define block Startup_Code
   with fixed order, alignment = 4 {
      section Startup_Code_START_SEC, block Startup_Code_Core0,
      section Startup_Code_LIMIT_SEC };
"PROGRAM_FLASH__Startup_Code":
       place in [from 0x500 to 0x8'0000] { block Startup_Code };
define block CSTACK with size = 2K, alignment = 8 { };
define block Startup_Stack
   with fixed order, alignment = 4 {
      section Startup_Stack_START_SEC, block CSTACK,
      section Startup_Stack_LIMIT_SEC };
"INTERNAL_RAM__Startup_Stack":
       place in [from 0x1fff'8000 to 0x2000'0000] { block Startup_Stack };
define block DEFAULT_CODE_BLOCK with alignment = 8 { section .text };
define block OS_Default_Init_Task_CODE_BLOCK
   with alignment = 8 { section .OS_Default_Init_Task_CODE };
define block OS_ERRORHOOK_CODE_BLOCK
   with alignment = 8 { section .OS_ERRORHOOK_CODE };
define block Code_Default
   with fixed order, alignment = 4 {
      section Code_Default_START_SEC, block DEFAULT_CODE_BLOCK,
      block OS_Default_Init_Task_CODE_BLOCK, block OS_ERRORHOOK_CODE_BLOCK,
      section Code_Default_LIMIT_SEC };
"PROGRAM_FLASH__Code_Default":
       place in [from 0x500 to 0x8'0000] { block Code_Default };
define block OS_Adc_Adc12bsarv2_EndGroupConvUnit0_CODE_BLOCK
   with alignment = 8 { section .OS_Adc_Adc12bsarv2_EndGroupConvUnit0_CODE };
define block OS_Adc_Adc12bsarv2_EndGroupConvUnit1_CODE_BLOCK
   with alignment = 8 { section .OS_Adc_Adc12bsarv2_EndGroupConvUnit1_CODE };
define block OS_Application_10ms_Task_CODE_BLOCK
   with alignment = 8 { section .OS_Application_10ms_Task_CODE };
define block OS_Application_2ms_Task_CODE_BLOCK
   with alignment = 8 { section .OS_Application_2ms_Task_CODE };
define block OS_Application_500ms_Task_CODE_BLOCK
   with alignment = 8 { section .OS_Application_500ms_Task_CODE };
define block OS_CODE_BLOCK with alignment = 8 { section .OS_CODE };
define block OS_CanBusOffIsr_0_CODE_BLOCK
   with alignment = 8 { section .OS_CanBusOffIsr_0_CODE };
define block OS_CanMailboxIsr_0_CODE_BLOCK
   with alignment = 8 { section .OS_CanMailboxIsr_0_CODE };
define block OS_Default_BSW_10ms_Task_CODE_BLOCK
   with alignment = 8 { section .OS_Default_BSW_10ms_Task_CODE };
define block OS_Default_BSW_20ms_Task_CODE_BLOCK
   with alignment = 8 { section .OS_Default_BSW_20ms_Task_CODE };
define block OS_Default_BSW_5ms_Task_CODE_BLOCK
   with alignment = 8 { section .OS_Default_BSW_5ms_Task_CODE };
define block OS_Default_BSW_ServiceDispatcher_CODE_BLOCK
   with alignment = 8 { section .OS_Default_BSW_ServiceDispatcher_CODE };
define block OS_FTM_0_CH_0_CH_1_ISR_CODE_BLOCK
   with alignment = 8 { section .OS_FTM_0_CH_0_CH_1_ISR_CODE };
define block OS_FTM_0_CH_2_CH_3_ISR_CODE_BLOCK
   with alignment = 8 { section .OS_FTM_0_CH_2_CH_3_ISR_CODE };
define block OS_ICU_PORT_CI_A_EXT_IRQ_ISR_CODE_BLOCK
   with alignment = 8 { section .OS_ICU_PORT_CI_A_EXT_IRQ_ISR_CODE };
define block OS_ICU_PORT_CI_B_EXT_IRQ_ISR_CODE_BLOCK
   with alignment = 8 { section .OS_ICU_PORT_CI_B_EXT_IRQ_ISR_CODE };
define block OS_OS_COREINITHOOK_CODE_BLOCK
   with alignment = 8 { section .OS_OS_COREINITHOOK_CODE };
define block OS_StartApplication_Appl_Init_Task_CODE_BLOCK
   with alignment = 8 { section .OS_StartApplication_Appl_Init_Task_CODE };
define block OS_StartApplication_NVM_Task_CODE_BLOCK
   with alignment = 8 { section .OS_StartApplication_NVM_Task_CODE };
define block OS_CODE
   with fixed order, alignment = 4 {
      section OS_CODE_START_SEC,
      block OS_Adc_Adc12bsarv2_EndGroupConvUnit0_CODE_BLOCK,
      block OS_Adc_Adc12bsarv2_EndGroupConvUnit1_CODE_BLOCK,
      block OS_Application_10ms_Task_CODE_BLOCK,
      block OS_Application_2ms_Task_CODE_BLOCK,
      block OS_Application_500ms_Task_CODE_BLOCK, block OS_CODE_BLOCK,
      block OS_CanBusOffIsr_0_CODE_BLOCK, block OS_CanMailboxIsr_0_CODE_BLOCK,
      block OS_Default_BSW_10ms_Task_CODE_BLOCK,
      block OS_Default_BSW_20ms_Task_CODE_BLOCK,
      block OS_Default_BSW_5ms_Task_CODE_BLOCK,
      block OS_Default_BSW_ServiceDispatcher_CODE_BLOCK,
      block OS_FTM_0_CH_0_CH_1_ISR_CODE_BLOCK,
      block OS_FTM_0_CH_2_CH_3_ISR_CODE_BLOCK,
      block OS_ICU_PORT_CI_A_EXT_IRQ_ISR_CODE_BLOCK,
      block OS_ICU_PORT_CI_B_EXT_IRQ_ISR_CODE_BLOCK,
      block OS_OS_COREINITHOOK_CODE_BLOCK,
      block OS_StartApplication_Appl_Init_Task_CODE_BLOCK,
      block OS_StartApplication_NVM_Task_CODE_BLOCK, section OS_CODE_LIMIT_SEC,
      section .mcal_text };
"PROGRAM_FLASH__OS_CODE":
       place in [from 0x500 to 0x8'0000] { block OS_CODE };
define block OS_CONST_BLOCK with alignment = 8 { section .OS_CONST };
define block OS_CONST_FAST_BLOCK with alignment = 8 { section .OS_CONST_FAST };
define block OS_CORE0_CONST_BLOCK
   with alignment = 8 { section .OS_CORE0_CONST };
define block OS_CORE0_CONST_FAST_BLOCK
   with alignment = 8 { section .OS_CORE0_CONST_FAST };
define block OS_GLOBALSHARED_CONST_BLOCK
   with alignment = 8 { section .OS_GLOBALSHARED_CONST };
define block OS_GLOBALSHARED_CONST_FAST_BLOCK
   with alignment = 8 { section .OS_GLOBALSHARED_CONST_FAST };
define block OS_INTVEC_CONST_BLOCK
   with alignment = 8 { section .OS_INTVEC_CONST };
define block OS_INTVEC_CONST_FAST_BLOCK
   with alignment = 8 { section .OS_INTVEC_CONST_FAST };
define block OS_SystemApplication_OsCore0_CONST_BLOCK
   with alignment = 8 { section .OS_SystemApplication_OsCore0_CONST };
define block OS_SystemApplication_OsCore0_CONST_FAST_BLOCK
   with alignment = 8 { section .OS_SystemApplication_OsCore0_CONST_FAST };
define block OS_CONST
   with fixed order, alignment = 4 {
      section OS_CONST_START_SEC, block OS_CONST_BLOCK,
      block OS_CONST_FAST_BLOCK, block OS_CORE0_CONST_BLOCK,
      block OS_CORE0_CONST_FAST_BLOCK, block OS_GLOBALSHARED_CONST_BLOCK,
      block OS_GLOBALSHARED_CONST_FAST_BLOCK, block OS_INTVEC_CONST_BLOCK,
      block OS_INTVEC_CONST_FAST_BLOCK,
      block OS_SystemApplication_OsCore0_CONST_BLOCK,
      block OS_SystemApplication_OsCore0_CONST_FAST_BLOCK,
      section OS_CONST_LIMIT_SEC, section .mcal_const,
      section .mcal_const_cfg };
"PROGRAM_FLASH__OS_CONST":
       place in [from 0x500 to 0x8'0000] { block OS_CONST };
define block OS_CORE0_VAR_FAST_NOCACHE_NOINIT_BLOCK
   with alignment = 8 { section .OS_CORE0_VAR_FAST_NOCACHE_NOINIT };
define block OS_CORE0_VAR_FAST_NOINIT_BLOCK
   with alignment = 8 { section .OS_CORE0_VAR_FAST_NOINIT };
define block OS_CORE0_VAR_NOCACHE_NOINIT_BLOCK
   with alignment = 8 { section .OS_CORE0_VAR_NOCACHE_NOINIT };
define block OS_CORE0_VAR_NOINIT_BLOCK
   with alignment = 8 { section .OS_CORE0_VAR_NOINIT };
define block OS_DATA_CORE0_NOINIT
   with fixed order, alignment = 4 {
      section OS_DATA_CORE0_NOINIT_START_SEC,
      block OS_CORE0_VAR_FAST_NOCACHE_NOINIT_BLOCK,
      block OS_CORE0_VAR_FAST_NOINIT_BLOCK,
      block OS_CORE0_VAR_NOCACHE_NOINIT_BLOCK, block OS_CORE0_VAR_NOINIT_BLOCK,
      section OS_DATA_CORE0_NOINIT_LIMIT_SEC };
"INTERNAL_RAM__OS_DATA_CORE0_NOINIT":
       place in [from 0x1fff'8000 to 0x2000'0000] {
          block OS_DATA_CORE0_NOINIT };
define block OS_BARRIER_CORE0_VAR_FAST_NOCACHE_NOINIT_BLOCK
   with alignment = 8 { section .OS_BARRIER_CORE0_VAR_FAST_NOCACHE_NOINIT };
define block OS_BARRIER_CORE0_VAR_FAST_NOINIT_BLOCK
   with alignment = 8 { section .OS_BARRIER_CORE0_VAR_FAST_NOINIT };
define block OS_BARRIER_CORE0_VAR_NOCACHE_NOINIT_BLOCK
   with alignment = 8 { section .OS_BARRIER_CORE0_VAR_NOCACHE_NOINIT };
define block OS_BARRIER_CORE0_VAR_NOINIT_BLOCK
   with alignment = 8 { section .OS_BARRIER_CORE0_VAR_NOINIT };
define block OS_CORESTATUS_CORE0_VAR_FAST_NOCACHE_NOINIT_BLOCK
   with alignment = 8 { section .OS_CORESTATUS_CORE0_VAR_FAST_NOCACHE_NOINIT };
define block OS_CORESTATUS_CORE0_VAR_FAST_NOINIT_BLOCK
   with alignment = 8 { section .OS_CORESTATUS_CORE0_VAR_FAST_NOINIT };
define block OS_CORESTATUS_CORE0_VAR_NOCACHE_NOINIT_BLOCK
   with alignment = 8 { section .OS_CORESTATUS_CORE0_VAR_NOCACHE_NOINIT };
define block OS_CORESTATUS_CORE0_VAR_NOINIT_BLOCK
   with alignment = 8 { section .OS_CORESTATUS_CORE0_VAR_NOINIT };
define block OS_GLOBALSHARED_VAR_FAST_NOCACHE_NOINIT_BLOCK
   with alignment = 8 { section .OS_GLOBALSHARED_VAR_FAST_NOCACHE_NOINIT };
define block OS_GLOBALSHARED_VAR_FAST_NOINIT_BLOCK
   with alignment = 8 { section .OS_GLOBALSHARED_VAR_FAST_NOINIT };
define block OS_GLOBALSHARED_VAR_NOCACHE_NOINIT_BLOCK
   with alignment = 8 { section .OS_GLOBALSHARED_VAR_NOCACHE_NOINIT };
define block OS_GLOBALSHARED_VAR_NOINIT_BLOCK
   with alignment = 8 { section .OS_GLOBALSHARED_VAR_NOINIT };
define block OS_PUBLIC_CORE0_VAR_FAST_NOCACHE_NOINIT_BLOCK
   with alignment = 8 { section .OS_PUBLIC_CORE0_VAR_FAST_NOCACHE_NOINIT };
define block OS_PUBLIC_CORE0_VAR_FAST_NOINIT_BLOCK
   with alignment = 8 { section .OS_PUBLIC_CORE0_VAR_FAST_NOINIT };
define block OS_PUBLIC_CORE0_VAR_NOCACHE_NOINIT_BLOCK
   with alignment = 8 { section .OS_PUBLIC_CORE0_VAR_NOCACHE_NOINIT };
define block OS_PUBLIC_CORE0_VAR_NOINIT_BLOCK
   with alignment = 8 { section .OS_PUBLIC_CORE0_VAR_NOINIT };
define block OS_VAR_FAST_NOCACHE_NOINIT_BLOCK
   with alignment = 8 { section .OS_VAR_FAST_NOCACHE_NOINIT };
define block OS_VAR_FAST_NOINIT_BLOCK
   with alignment = 8 { section .OS_VAR_FAST_NOINIT };
define block OS_VAR_NOCACHE_NOINIT_BLOCK
   with alignment = 8 { section .OS_VAR_NOCACHE_NOINIT };
define block OS_VAR_NOINIT_BLOCK with alignment = 8 { section .OS_VAR_NOINIT };
define block OS_DATA_SHARED_NOINIT
   with fixed order, alignment = 4 {
      section OS_DATA_SHARED_NOINIT_START_SEC,
      block OS_BARRIER_CORE0_VAR_FAST_NOCACHE_NOINIT_BLOCK,
      block OS_BARRIER_CORE0_VAR_FAST_NOINIT_BLOCK,
      block OS_BARRIER_CORE0_VAR_NOCACHE_NOINIT_BLOCK,
      block OS_BARRIER_CORE0_VAR_NOINIT_BLOCK,
      block OS_CORESTATUS_CORE0_VAR_FAST_NOCACHE_NOINIT_BLOCK,
      block OS_CORESTATUS_CORE0_VAR_FAST_NOINIT_BLOCK,
      block OS_CORESTATUS_CORE0_VAR_NOCACHE_NOINIT_BLOCK,
      block OS_CORESTATUS_CORE0_VAR_NOINIT_BLOCK,
      block OS_GLOBALSHARED_VAR_FAST_NOCACHE_NOINIT_BLOCK,
      block OS_GLOBALSHARED_VAR_FAST_NOINIT_BLOCK,
      block OS_GLOBALSHARED_VAR_NOCACHE_NOINIT_BLOCK,
      block OS_GLOBALSHARED_VAR_NOINIT_BLOCK,
      block OS_PUBLIC_CORE0_VAR_FAST_NOCACHE_NOINIT_BLOCK,
      block OS_PUBLIC_CORE0_VAR_FAST_NOINIT_BLOCK,
      block OS_PUBLIC_CORE0_VAR_NOCACHE_NOINIT_BLOCK,
      block OS_PUBLIC_CORE0_VAR_NOINIT_BLOCK,
      block OS_VAR_FAST_NOCACHE_NOINIT_BLOCK, block OS_VAR_FAST_NOINIT_BLOCK,
      block OS_VAR_NOCACHE_NOINIT_BLOCK, block OS_VAR_NOINIT_BLOCK,
      section OS_DATA_SHARED_NOINIT_LIMIT_SEC };
"INTERNAL_RAM__OS_DATA_SHARED_NOINIT":
       place in [from 0x1fff'8000 to 0x2000'0000] {
          block OS_DATA_SHARED_NOINIT };
define block OS_BARRIER_CORE0_VAR_BLOCK
   with alignment = 8 { section .OS_BARRIER_CORE0_VAR };
define block OS_BARRIER_CORE0_VAR_FAST_BLOCK
   with alignment = 8 { section .OS_BARRIER_CORE0_VAR_FAST };
define block OS_BARRIER_CORE0_VAR_FAST_NOCACHE_BLOCK
   with alignment = 8 { section .OS_BARRIER_CORE0_VAR_FAST_NOCACHE };
define block OS_BARRIER_CORE0_VAR_NOCACHE_BLOCK
   with alignment = 8 { section .OS_BARRIER_CORE0_VAR_NOCACHE };
define block OS_CORESTATUS_CORE0_VAR_BLOCK
   with alignment = 8 { section .OS_CORESTATUS_CORE0_VAR };
define block OS_CORESTATUS_CORE0_VAR_FAST_BLOCK
   with alignment = 8 { section .OS_CORESTATUS_CORE0_VAR_FAST };
define block OS_CORESTATUS_CORE0_VAR_FAST_NOCACHE_BLOCK
   with alignment = 8 { section .OS_CORESTATUS_CORE0_VAR_FAST_NOCACHE };
define block OS_CORESTATUS_CORE0_VAR_NOCACHE_BLOCK
   with alignment = 8 { section .OS_CORESTATUS_CORE0_VAR_NOCACHE };
define block OS_GLOBALSHARED_VAR_BLOCK
   with alignment = 8 { section .OS_GLOBALSHARED_VAR };
define block OS_GLOBALSHARED_VAR_FAST_BLOCK
   with alignment = 8 { section .OS_GLOBALSHARED_VAR_FAST };
define block OS_GLOBALSHARED_VAR_FAST_NOCACHE_BLOCK
   with alignment = 8 { section .OS_GLOBALSHARED_VAR_FAST_NOCACHE };
define block OS_GLOBALSHARED_VAR_NOCACHE_BLOCK
   with alignment = 8 { section .OS_GLOBALSHARED_VAR_NOCACHE };
define block OS_PUBLIC_CORE0_VAR_BLOCK
   with alignment = 8 { section .OS_PUBLIC_CORE0_VAR };
define block OS_PUBLIC_CORE0_VAR_FAST_BLOCK
   with alignment = 8 { section .OS_PUBLIC_CORE0_VAR_FAST };
define block OS_PUBLIC_CORE0_VAR_FAST_NOCACHE_BLOCK
   with alignment = 8 { section .OS_PUBLIC_CORE0_VAR_FAST_NOCACHE };
define block OS_PUBLIC_CORE0_VAR_NOCACHE_BLOCK
   with alignment = 8 { section .OS_PUBLIC_CORE0_VAR_NOCACHE };
define block OS_VAR_BLOCK with alignment = 8 { section .OS_VAR };
define block OS_VAR_FAST_BLOCK with alignment = 8 { section .OS_VAR_FAST };
define block OS_VAR_FAST_NOCACHE_BLOCK
   with alignment = 8 { section .OS_VAR_FAST_NOCACHE };
define block OS_VAR_NOCACHE_BLOCK
   with alignment = 8 { section .OS_VAR_NOCACHE };
define block OS_DATA_SHARED_INIT
   with fixed order, alignment = 4 {
      section OS_DATA_SHARED_INIT_START_SEC, block OS_BARRIER_CORE0_VAR_BLOCK,
      block OS_BARRIER_CORE0_VAR_FAST_BLOCK,
      block OS_BARRIER_CORE0_VAR_FAST_NOCACHE_BLOCK,
      block OS_BARRIER_CORE0_VAR_NOCACHE_BLOCK,
      block OS_CORESTATUS_CORE0_VAR_BLOCK,
      block OS_CORESTATUS_CORE0_VAR_FAST_BLOCK,
      block OS_CORESTATUS_CORE0_VAR_FAST_NOCACHE_BLOCK,
      block OS_CORESTATUS_CORE0_VAR_NOCACHE_BLOCK,
      block OS_GLOBALSHARED_VAR_BLOCK, block OS_GLOBALSHARED_VAR_FAST_BLOCK,
      block OS_GLOBALSHARED_VAR_FAST_NOCACHE_BLOCK,
      block OS_GLOBALSHARED_VAR_NOCACHE_BLOCK, block OS_PUBLIC_CORE0_VAR_BLOCK,
      block OS_PUBLIC_CORE0_VAR_FAST_BLOCK,
      block OS_PUBLIC_CORE0_VAR_FAST_NOCACHE_BLOCK,
      block OS_PUBLIC_CORE0_VAR_NOCACHE_BLOCK, block OS_VAR_BLOCK,
      block OS_VAR_FAST_BLOCK, block OS_VAR_FAST_NOCACHE_BLOCK,
      block OS_VAR_NOCACHE_BLOCK, section OS_DATA_SHARED_INIT_LIMIT_SEC };
"INTERNAL_RAM__OS_DATA_SHARED_INIT":
       place in [from 0x1fff'8000 to 0x2000'0000] { block OS_DATA_SHARED_INIT };
define block OS_BARRIER_CORE0_VAR_FAST_NOCACHE_ZERO_INIT_BLOCK
   with alignment = 8 { section .OS_BARRIER_CORE0_VAR_FAST_NOCACHE_ZERO_INIT };
define block OS_BARRIER_CORE0_VAR_FAST_ZERO_INIT_BLOCK
   with alignment = 8 { section .OS_BARRIER_CORE0_VAR_FAST_ZERO_INIT };
define block OS_BARRIER_CORE0_VAR_NOCACHE_ZERO_INIT_BLOCK
   with alignment = 8 { section .OS_BARRIER_CORE0_VAR_NOCACHE_ZERO_INIT };
define block OS_BARRIER_CORE0_VAR_ZERO_INIT_BLOCK
   with alignment = 8 { section .OS_BARRIER_CORE0_VAR_ZERO_INIT };
define block OS_CORESTATUS_CORE0_VAR_FAST_NOCACHE_ZERO_INIT_BLOCK
   with alignment = 8 {
      section .OS_CORESTATUS_CORE0_VAR_FAST_NOCACHE_ZERO_INIT };
define block OS_CORESTATUS_CORE0_VAR_FAST_ZERO_INIT_BLOCK
   with alignment = 8 { section .OS_CORESTATUS_CORE0_VAR_FAST_ZERO_INIT };
define block OS_CORESTATUS_CORE0_VAR_NOCACHE_ZERO_INIT_BLOCK
   with alignment = 8 { section .OS_CORESTATUS_CORE0_VAR_NOCACHE_ZERO_INIT };
define block OS_CORESTATUS_CORE0_VAR_ZERO_INIT_BLOCK
   with alignment = 8 { section .OS_CORESTATUS_CORE0_VAR_ZERO_INIT };
define block OS_GLOBALSHARED_VAR_FAST_NOCACHE_ZERO_INIT_BLOCK
   with alignment = 8 { section .OS_GLOBALSHARED_VAR_FAST_NOCACHE_ZERO_INIT };
define block OS_GLOBALSHARED_VAR_FAST_ZERO_INIT_BLOCK
   with alignment = 8 { section .OS_GLOBALSHARED_VAR_FAST_ZERO_INIT };
define block OS_GLOBALSHARED_VAR_NOCACHE_ZERO_INIT_BLOCK
   with alignment = 8 { section .OS_GLOBALSHARED_VAR_NOCACHE_ZERO_INIT };
define block OS_GLOBALSHARED_VAR_ZERO_INIT_BLOCK
   with alignment = 8 { section .OS_GLOBALSHARED_VAR_ZERO_INIT };
define block OS_PUBLIC_CORE0_VAR_FAST_NOCACHE_ZERO_INIT_BLOCK
   with alignment = 8 { section .OS_PUBLIC_CORE0_VAR_FAST_NOCACHE_ZERO_INIT };
define block OS_PUBLIC_CORE0_VAR_FAST_ZERO_INIT_BLOCK
   with alignment = 8 { section .OS_PUBLIC_CORE0_VAR_FAST_ZERO_INIT };
define block OS_PUBLIC_CORE0_VAR_NOCACHE_ZERO_INIT_BLOCK
   with alignment = 8 { section .OS_PUBLIC_CORE0_VAR_NOCACHE_ZERO_INIT };
define block OS_PUBLIC_CORE0_VAR_ZERO_INIT_BLOCK
   with alignment = 8 { section .OS_PUBLIC_CORE0_VAR_ZERO_INIT };
define block OS_VAR_FAST_NOCACHE_ZERO_INIT_BLOCK
   with alignment = 8 { section .OS_VAR_FAST_NOCACHE_ZERO_INIT };
define block OS_VAR_FAST_ZERO_INIT_BLOCK
   with alignment = 8 { section .OS_VAR_FAST_ZERO_INIT };
define block OS_VAR_NOCACHE_ZERO_INIT_BLOCK
   with alignment = 8 { section .OS_VAR_NOCACHE_ZERO_INIT };
define block OS_VAR_ZERO_INIT_BLOCK
   with alignment = 8 { section .OS_VAR_ZERO_INIT };
define block OS_DATA_SHARED_ZERO_INIT
   with fixed order, alignment = 4 {
      section OS_DATA_SHARED_ZERO_INIT_START_SEC,
      block OS_BARRIER_CORE0_VAR_FAST_NOCACHE_ZERO_INIT_BLOCK,
      block OS_BARRIER_CORE0_VAR_FAST_ZERO_INIT_BLOCK,
      block OS_BARRIER_CORE0_VAR_NOCACHE_ZERO_INIT_BLOCK,
      block OS_BARRIER_CORE0_VAR_ZERO_INIT_BLOCK,
      block OS_CORESTATUS_CORE0_VAR_FAST_NOCACHE_ZERO_INIT_BLOCK,
      block OS_CORESTATUS_CORE0_VAR_FAST_ZERO_INIT_BLOCK,
      block OS_CORESTATUS_CORE0_VAR_NOCACHE_ZERO_INIT_BLOCK,
      block OS_CORESTATUS_CORE0_VAR_ZERO_INIT_BLOCK,
      block OS_GLOBALSHARED_VAR_FAST_NOCACHE_ZERO_INIT_BLOCK,
      block OS_GLOBALSHARED_VAR_FAST_ZERO_INIT_BLOCK,
      block OS_GLOBALSHARED_VAR_NOCACHE_ZERO_INIT_BLOCK,
      block OS_GLOBALSHARED_VAR_ZERO_INIT_BLOCK,
      block OS_PUBLIC_CORE0_VAR_FAST_NOCACHE_ZERO_INIT_BLOCK,
      block OS_PUBLIC_CORE0_VAR_FAST_ZERO_INIT_BLOCK,
      block OS_PUBLIC_CORE0_VAR_NOCACHE_ZERO_INIT_BLOCK,
      block OS_PUBLIC_CORE0_VAR_ZERO_INIT_BLOCK,
      block OS_VAR_FAST_NOCACHE_ZERO_INIT_BLOCK,
      block OS_VAR_FAST_ZERO_INIT_BLOCK, block OS_VAR_NOCACHE_ZERO_INIT_BLOCK,
      block OS_VAR_ZERO_INIT_BLOCK, section OS_DATA_SHARED_ZERO_INIT_LIMIT_SEC,
      section .mcal_bss, section .mcal_data };
"INTERNAL_RAM__OS_DATA_SHARED_ZERO_INIT":
       place in [from 0x1fff'8000 to 0x2000'0000] {
          block OS_DATA_SHARED_ZERO_INIT };
define block DEFAULT_RODATA_BLOCK with alignment = 8 { section .rodata };
define block DEFAULT_INTVEC_BLOCK with alignment = 8 { section .intvec };
define block DEFAULT_INIT_TABLE_BLOCK
   with alignment = 8 { section .iar.init_table };
define block DEFAULT_DATA_ROM_INIT_BLOCK
   with alignment = 8 { section .data_init };
define block Const_Default
   with fixed order, alignment = 4 {
      section Const_Default_START_SEC, block DEFAULT_RODATA_BLOCK,
      block DEFAULT_INTVEC_BLOCK, block DEFAULT_INIT_TABLE_BLOCK,
      block DEFAULT_DATA_ROM_INIT_BLOCK, section Const_Default_LIMIT_SEC };
"PROGRAM_FLASH__Const_Default":
       place in [from 0x500 to 0x8'0000] { block Const_Default };
define block DEFAULT_BSS_BLOCK with alignment = 8 { section .bss };
define block DEFAULT_DATA_INIT_BLOCK with alignment = 8 { section .data };
define block Data_Default
   with fixed order, alignment = 4 {
      section Data_Default_START_SEC, block DEFAULT_BSS_BLOCK,
      block DEFAULT_DATA_INIT_BLOCK, section Data_Default_LIMIT_SEC };
"INTERNAL_RAM__Data_Default":
       place in [from 0x1fff'8000 to 0x2000'0000] { block Data_Default };
define block function_in_ram_BLOCK
   with alignment = 4 { section .function_in_ram };
define block Data_Default_INIT
   with fixed order, alignment = 4 {
      section Data_Default_INIT_START_SEC, block function_in_ram_BLOCK,
      section Data_Default_INIT_LIMIT_SEC };
"INTERNAL_RAM__Data_Default_INIT":
       place in [from 0x1fff'8000 to 0x2000'0000] { block Data_Default_INIT };
define block HEAP with size = 2K, alignment = 8 { };
define block Heap_Default
   with fixed order, alignment = 4 {
      section Heap_Default_START_SEC, block HEAP,
      section Heap_Default_LIMIT_SEC };
"INTERNAL_RAM__Heap_Default":
       place in [from 0x1fff'8000 to 0x2000'0000] { block Heap_Default };
do not initialize {
   section .OS_STACK_APPLICATION_10MS_TASK_VAR_NOINIT,
   section .OS_STACK_APPLICATION_500MS_TASK_VAR_NOINIT,
   section .OS_STACK_DEFAULT_BSW_10MS_TASK_VAR_NOINIT,
   section .OS_STACK_DEFAULT_BSW_20MS_TASK_VAR_NOINIT,
   section .OS_STACK_OSCORE0_ERROR_VAR_NOINIT,
   section .OS_STACK_OSCORE0_INIT_VAR_NOINIT,
   section .OS_STACK_OSCORE0_ISR_CORE_VAR_NOINIT,
   section .OS_STACK_OSCORE0_KERNEL_VAR_NOINIT,
   section .OS_STACK_OSCORE0_TASK_PRIO40_VAR_NOINIT,
   section .OS_STACK_OSCORE0_TASK_PRIO4294967295_VAR_NOINIT,
   section .OS_STACK_OSCORE0_TASK_PRIO45_VAR_NOINIT,
   section .OS_STACK_OSCORE0_TASK_PRIO50_VAR_NOINIT,
   section .OS_STACK_OSCORE0_TASK_PRIO5_VAR_NOINIT,
   section .OS_STACK_OSCORE0_TASK_PRIO60_VAR_NOINIT,
   section .OS_STACK_STARTAPPLICATION_NVM_TASK_VAR_NOINIT,
   section .OS_SystemApplication_OsCore0_VAR_FAST_NOCACHE_NOINIT,
   section .OS_SystemApplication_OsCore0_VAR_FAST_NOINIT,
   section .OS_SystemApplication_OsCore0_VAR_NOCACHE_NOINIT,
   section .OS_SystemApplication_OsCore0_VAR_NOINIT,
   section .OS_CORE0_VAR_FAST_NOCACHE_NOINIT,
   section .OS_CORE0_VAR_FAST_NOINIT, section .OS_CORE0_VAR_NOCACHE_NOINIT,
   section .OS_CORE0_VAR_NOINIT,
   section .OS_BARRIER_CORE0_VAR_FAST_NOCACHE_NOINIT,
   section .OS_BARRIER_CORE0_VAR_FAST_NOCACHE_ZERO_INIT,
   section .OS_BARRIER_CORE0_VAR_FAST_NOINIT,
   section .OS_BARRIER_CORE0_VAR_FAST_ZERO_INIT,
   section .OS_BARRIER_CORE0_VAR_NOCACHE_NOINIT,
   section .OS_BARRIER_CORE0_VAR_NOCACHE_ZERO_INIT,
   section .OS_BARRIER_CORE0_VAR_NOINIT,
   section .OS_BARRIER_CORE0_VAR_ZERO_INIT,
   section .OS_CORESTATUS_CORE0_VAR_FAST_NOCACHE_NOINIT,
   section .OS_CORESTATUS_CORE0_VAR_FAST_NOCACHE_ZERO_INIT,
   section .OS_CORESTATUS_CORE0_VAR_FAST_NOINIT,
   section .OS_CORESTATUS_CORE0_VAR_FAST_ZERO_INIT,
   section .OS_CORESTATUS_CORE0_VAR_NOCACHE_NOINIT,
   section .OS_CORESTATUS_CORE0_VAR_NOCACHE_ZERO_INIT,
   section .OS_CORESTATUS_CORE0_VAR_NOINIT,
   section .OS_CORESTATUS_CORE0_VAR_ZERO_INIT,
   section .OS_GLOBALSHARED_VAR_FAST_NOCACHE_NOINIT,
   section .OS_GLOBALSHARED_VAR_FAST_NOCACHE_ZERO_INIT,
   section .OS_GLOBALSHARED_VAR_FAST_NOINIT,
   section .OS_GLOBALSHARED_VAR_FAST_ZERO_INIT,
   section .OS_GLOBALSHARED_VAR_NOCACHE_NOINIT,
   section .OS_GLOBALSHARED_VAR_NOCACHE_ZERO_INIT,
   section .OS_GLOBALSHARED_VAR_NOINIT, section .OS_GLOBALSHARED_VAR_ZERO_INIT,
   section .OS_PUBLIC_CORE0_VAR_FAST_NOCACHE_NOINIT,
   section .OS_PUBLIC_CORE0_VAR_FAST_NOCACHE_ZERO_INIT,
   section .OS_PUBLIC_CORE0_VAR_FAST_NOINIT,
   section .OS_PUBLIC_CORE0_VAR_FAST_ZERO_INIT,
   section .OS_PUBLIC_CORE0_VAR_NOCACHE_NOINIT,
   section .OS_PUBLIC_CORE0_VAR_NOCACHE_ZERO_INIT,
   section .OS_PUBLIC_CORE0_VAR_NOINIT, section .OS_PUBLIC_CORE0_VAR_ZERO_INIT,
   section .OS_VAR_FAST_NOCACHE_NOINIT, section .OS_VAR_FAST_NOCACHE_ZERO_INIT,
   section .OS_VAR_FAST_NOINIT, section .OS_VAR_FAST_ZERO_INIT,
   section .OS_VAR_NOCACHE_NOINIT, section .OS_VAR_NOCACHE_ZERO_INIT,
   section .OS_VAR_NOINIT, section .OS_VAR_ZERO_INIT, section .bss, rw };
keep { section OS_EXCVEC_CORE0_CODE_START_SEC };
keep { section OS_EXCVEC_CORE0_CODE_LIMIT_SEC };
keep { section OS_EXCVEC_CORE0_CONST_START_SEC };
keep { section OS_EXCVEC_CORE0_CONST_LIMIT_SEC };
keep { section OS_INTVEC_CODE_START_SEC };
keep { section OS_INTVEC_CODE_LIMIT_SEC };
keep { section OS_INTVEC_CORE0_CODE_START_SEC };
keep { section OS_INTVEC_CORE0_CODE_LIMIT_SEC };
keep { section OS_INTVEC_CORE0_CONST_START_SEC };
keep { section OS_INTVEC_CORE0_CONST_LIMIT_SEC };
keep { section OS_STACKS_CORE0_NOINIT_START_SEC };
keep { section OS_STACKS_CORE0_NOINIT_LIMIT_SEC };
keep { section OS_SystemApplication_OsCore0_NOINIT_START_SEC };
keep { section OS_SystemApplication_OsCore0_NOINIT_LIMIT_SEC };
keep { section Startup_Code_START_SEC };
keep { section Startup_Code_LIMIT_SEC };
keep { section Startup_Stack_START_SEC };
keep { section Startup_Stack_LIMIT_SEC };
keep { section Code_Default_START_SEC };
keep { section Code_Default_LIMIT_SEC };
keep { section OS_CODE_START_SEC };
keep { section OS_CODE_LIMIT_SEC };
keep { section OS_CONST_START_SEC };
keep { section OS_CONST_LIMIT_SEC };
keep { section OS_DATA_CORE0_NOINIT_START_SEC };
keep { section OS_DATA_CORE0_NOINIT_LIMIT_SEC };
keep { section OS_DATA_SHARED_NOINIT_START_SEC };
keep { section OS_DATA_SHARED_NOINIT_LIMIT_SEC };
keep { section OS_DATA_SHARED_INIT_START_SEC };
keep { section OS_DATA_SHARED_INIT_LIMIT_SEC };
keep { section OS_DATA_SHARED_ZERO_INIT_START_SEC };
keep { section OS_DATA_SHARED_ZERO_INIT_LIMIT_SEC };
keep { section Const_Default_START_SEC };
keep { section Const_Default_LIMIT_SEC };
keep { section Data_Default_START_SEC };
keep { section Data_Default_LIMIT_SEC };
keep { section Data_Default_INIT_START_SEC };
keep { section Data_Default_INIT_LIMIT_SEC };
keep { section Heap_Default_START_SEC };
keep { section Heap_Default_LIMIT_SEC };

No sections matched the following patterns:

  section .APPLHEADER                                            in "P4"
  section .APPLVECT                                              in "P3"
  section .BMHDRHEADER                                           in "P5"
  section .CAL_DATA_SEC                                          in "P2"
  section .OS_Adc_Adc12bsarv2_EndGroupConvUnit0_CODE             in block OS_Adc_Adc12bsarv2_EndGroupConvUnit0_CODE_BLOCK
  section .OS_Adc_Adc12bsarv2_EndGroupConvUnit1_CODE             in block OS_Adc_Adc12bsarv2_EndGroupConvUnit1_CODE_BLOCK
  section .OS_Application_10ms_Task_CODE                         in block OS_Application_10ms_Task_CODE_BLOCK
  section .OS_Application_2ms_Task_CODE                          in block OS_Application_2ms_Task_CODE_BLOCK
  section .OS_Application_500ms_Task_CODE                        in block OS_Application_500ms_Task_CODE_BLOCK
  section .OS_BARRIER_CORE0_VAR                                  in block OS_BARRIER_CORE0_VAR_BLOCK
  section .OS_BARRIER_CORE0_VAR_FAST                             in block OS_BARRIER_CORE0_VAR_FAST_BLOCK
  section .OS_BARRIER_CORE0_VAR_FAST_NOCACHE                     in block OS_BARRIER_CORE0_VAR_FAST_NOCACHE_BLOCK
  section .OS_BARRIER_CORE0_VAR_FAST_NOCACHE_NOINIT              in block OS_BARRIER_CORE0_VAR_FAST_NOCACHE_NOINIT_BLOCK
  section .OS_BARRIER_CORE0_VAR_FAST_NOCACHE_ZERO_INIT           in block OS_BARRIER_CORE0_VAR_FAST_NOCACHE_ZERO_INIT_BLOCK
  section .OS_BARRIER_CORE0_VAR_FAST_NOCACHE_init                in block OS_BARRIER_CORE0_VAR_FAST_NOCACHE_init_BLOCK
  section .OS_BARRIER_CORE0_VAR_FAST_NOINIT                      in block OS_BARRIER_CORE0_VAR_FAST_NOINIT_BLOCK
  section .OS_BARRIER_CORE0_VAR_FAST_ZERO_INIT                   in block OS_BARRIER_CORE0_VAR_FAST_ZERO_INIT_BLOCK
  section .OS_BARRIER_CORE0_VAR_FAST_init                        in block OS_BARRIER_CORE0_VAR_FAST_init_BLOCK
  section .OS_BARRIER_CORE0_VAR_NOCACHE                          in block OS_BARRIER_CORE0_VAR_NOCACHE_BLOCK
  section .OS_BARRIER_CORE0_VAR_NOCACHE_ZERO_INIT                in block OS_BARRIER_CORE0_VAR_NOCACHE_ZERO_INIT_BLOCK
  section .OS_BARRIER_CORE0_VAR_NOCACHE_init                     in block OS_BARRIER_CORE0_VAR_NOCACHE_init_BLOCK
  section .OS_BARRIER_CORE0_VAR_NOINIT                           in block OS_BARRIER_CORE0_VAR_NOINIT_BLOCK
  section .OS_BARRIER_CORE0_VAR_ZERO_INIT                        in block OS_BARRIER_CORE0_VAR_ZERO_INIT_BLOCK
  section .OS_BARRIER_CORE0_VAR_init                             in block OS_BARRIER_CORE0_VAR_init_BLOCK
  section .OS_CONST_FAST                                         in block OS_CONST_FAST_BLOCK
  section .OS_CORE0_CONST_FAST                                   in block OS_CORE0_CONST_FAST_BLOCK
  section .OS_CORE0_VAR_FAST_NOCACHE_NOINIT                      in block OS_CORE0_VAR_FAST_NOCACHE_NOINIT_BLOCK
  section .OS_CORE0_VAR_NOCACHE_NOINIT                           in block OS_CORE0_VAR_NOCACHE_NOINIT_BLOCK
  section .OS_CORESTATUS_CORE0_VAR                               in block OS_CORESTATUS_CORE0_VAR_BLOCK
  section .OS_CORESTATUS_CORE0_VAR_FAST                          in block OS_CORESTATUS_CORE0_VAR_FAST_BLOCK
  section .OS_CORESTATUS_CORE0_VAR_FAST_NOCACHE                  in block OS_CORESTATUS_CORE0_VAR_FAST_NOCACHE_BLOCK
  section .OS_CORESTATUS_CORE0_VAR_FAST_NOCACHE_NOINIT           in block OS_CORESTATUS_CORE0_VAR_FAST_NOCACHE_NOINIT_BLOCK
  section .OS_CORESTATUS_CORE0_VAR_FAST_NOCACHE_ZERO_INIT        in block OS_CORESTATUS_CORE0_VAR_FAST_NOCACHE_ZERO_INIT_BLOCK
  section .OS_CORESTATUS_CORE0_VAR_FAST_NOCACHE_init             in block OS_CORESTATUS_CORE0_VAR_FAST_NOCACHE_init_BLOCK
  section .OS_CORESTATUS_CORE0_VAR_FAST_NOINIT                   in block OS_CORESTATUS_CORE0_VAR_FAST_NOINIT_BLOCK
  section .OS_CORESTATUS_CORE0_VAR_FAST_ZERO_INIT                in block OS_CORESTATUS_CORE0_VAR_FAST_ZERO_INIT_BLOCK
  section .OS_CORESTATUS_CORE0_VAR_FAST_init                     in block OS_CORESTATUS_CORE0_VAR_FAST_init_BLOCK
  section .OS_CORESTATUS_CORE0_VAR_NOCACHE                       in block OS_CORESTATUS_CORE0_VAR_NOCACHE_BLOCK
  section .OS_CORESTATUS_CORE0_VAR_NOCACHE_ZERO_INIT             in block OS_CORESTATUS_CORE0_VAR_NOCACHE_ZERO_INIT_BLOCK
  section .OS_CORESTATUS_CORE0_VAR_NOCACHE_init                  in block OS_CORESTATUS_CORE0_VAR_NOCACHE_init_BLOCK
  section .OS_CORESTATUS_CORE0_VAR_NOINIT                        in block OS_CORESTATUS_CORE0_VAR_NOINIT_BLOCK
  section .OS_CORESTATUS_CORE0_VAR_ZERO_INIT                     in block OS_CORESTATUS_CORE0_VAR_ZERO_INIT_BLOCK
  section .OS_CORESTATUS_CORE0_VAR_init                          in block OS_CORESTATUS_CORE0_VAR_init_BLOCK
  section .OS_CanBusOffIsr_0_CODE                                in block OS_CanBusOffIsr_0_CODE_BLOCK
  section .OS_CanMailboxIsr_0_CODE                               in block OS_CanMailboxIsr_0_CODE_BLOCK
  section .OS_Default_BSW_10ms_Task_CODE                         in block OS_Default_BSW_10ms_Task_CODE_BLOCK
  section .OS_Default_BSW_20ms_Task_CODE                         in block OS_Default_BSW_20ms_Task_CODE_BLOCK
  section .OS_Default_BSW_5ms_Task_CODE                          in block OS_Default_BSW_5ms_Task_CODE_BLOCK
  section .OS_Default_BSW_ServiceDispatcher_CODE                 in block OS_Default_BSW_ServiceDispatcher_CODE_BLOCK
  section .OS_Default_Init_Task_CODE                             in block OS_Default_Init_Task_CODE_BLOCK
  section .OS_ERRORHOOK_CODE                                     in block OS_ERRORHOOK_CODE_BLOCK
  section .OS_EXCVEC_CORE0_CODE                                  in block OS_EXCVEC_CORE0_CODE_BLOCK
  section .OS_EXCVEC_CORE0_CONST                                 in block OS_EXCVEC_CORE0_CONST_BLOCK
  section .OS_EXCVEC_CORE0_CONST_FAST                            in block OS_EXCVEC_CORE0_CONST_FAST_BLOCK
  section .OS_FTM_0_CH_0_CH_1_ISR_CODE                           in block OS_FTM_0_CH_0_CH_1_ISR_CODE_BLOCK
  section .OS_FTM_0_CH_2_CH_3_ISR_CODE                           in block OS_FTM_0_CH_2_CH_3_ISR_CODE_BLOCK
  section .OS_GLOBALSHARED_CONST                                 in block OS_GLOBALSHARED_CONST_BLOCK
  section .OS_GLOBALSHARED_CONST_FAST                            in block OS_GLOBALSHARED_CONST_FAST_BLOCK
  section .OS_GLOBALSHARED_VAR                                   in block OS_GLOBALSHARED_VAR_BLOCK
  section .OS_GLOBALSHARED_VAR_FAST                              in block OS_GLOBALSHARED_VAR_FAST_BLOCK
  section .OS_GLOBALSHARED_VAR_FAST_NOCACHE                      in block OS_GLOBALSHARED_VAR_FAST_NOCACHE_BLOCK
  section .OS_GLOBALSHARED_VAR_FAST_NOCACHE_NOINIT               in block OS_GLOBALSHARED_VAR_FAST_NOCACHE_NOINIT_BLOCK
  section .OS_GLOBALSHARED_VAR_FAST_NOCACHE_ZERO_INIT            in block OS_GLOBALSHARED_VAR_FAST_NOCACHE_ZERO_INIT_BLOCK
  section .OS_GLOBALSHARED_VAR_FAST_NOCACHE_init                 in block OS_GLOBALSHARED_VAR_FAST_NOCACHE_init_BLOCK
  section .OS_GLOBALSHARED_VAR_FAST_NOINIT                       in block OS_GLOBALSHARED_VAR_FAST_NOINIT_BLOCK
  section .OS_GLOBALSHARED_VAR_FAST_ZERO_INIT                    in block OS_GLOBALSHARED_VAR_FAST_ZERO_INIT_BLOCK
  section .OS_GLOBALSHARED_VAR_FAST_init                         in block OS_GLOBALSHARED_VAR_FAST_init_BLOCK
  section .OS_GLOBALSHARED_VAR_NOCACHE                           in block OS_GLOBALSHARED_VAR_NOCACHE_BLOCK
  section .OS_GLOBALSHARED_VAR_NOCACHE_NOINIT                    in block OS_GLOBALSHARED_VAR_NOCACHE_NOINIT_BLOCK
  section .OS_GLOBALSHARED_VAR_NOCACHE_ZERO_INIT                 in block OS_GLOBALSHARED_VAR_NOCACHE_ZERO_INIT_BLOCK
  section .OS_GLOBALSHARED_VAR_NOCACHE_init                      in block OS_GLOBALSHARED_VAR_NOCACHE_init_BLOCK
  section .OS_GLOBALSHARED_VAR_NOINIT                            in block OS_GLOBALSHARED_VAR_NOINIT_BLOCK
  section .OS_GLOBALSHARED_VAR_ZERO_INIT                         in block OS_GLOBALSHARED_VAR_ZERO_INIT_BLOCK
  section .OS_GLOBALSHARED_VAR_init                              in block OS_GLOBALSHARED_VAR_init_BLOCK
  section .OS_ICU_PORT_CI_A_EXT_IRQ_ISR_CODE                     in block OS_ICU_PORT_CI_A_EXT_IRQ_ISR_CODE_BLOCK
  section .OS_ICU_PORT_CI_B_EXT_IRQ_ISR_CODE                     in block OS_ICU_PORT_CI_B_EXT_IRQ_ISR_CODE_BLOCK
  section .OS_INTVEC_CODE                                        in block OS_INTVEC_CODE_BLOCK
  section .OS_INTVEC_CONST                                       in block OS_INTVEC_CONST_BLOCK
  section .OS_INTVEC_CONST_FAST                                  in block OS_INTVEC_CONST_FAST_BLOCK
  section .OS_INTVEC_CORE0_CONST_FAST                            in block OS_INTVEC_CORE0_CONST_FAST_BLOCK
  section .OS_OS_COREINITHOOK_CODE                               in block OS_OS_COREINITHOOK_CODE_BLOCK
  section .OS_PUBLIC_CORE0_VAR                                   in block OS_PUBLIC_CORE0_VAR_BLOCK
  section .OS_PUBLIC_CORE0_VAR_FAST                              in block OS_PUBLIC_CORE0_VAR_FAST_BLOCK
  section .OS_PUBLIC_CORE0_VAR_FAST_NOCACHE                      in block OS_PUBLIC_CORE0_VAR_FAST_NOCACHE_BLOCK
  section .OS_PUBLIC_CORE0_VAR_FAST_NOCACHE_NOINIT               in block OS_PUBLIC_CORE0_VAR_FAST_NOCACHE_NOINIT_BLOCK
  section .OS_PUBLIC_CORE0_VAR_FAST_NOCACHE_ZERO_INIT            in block OS_PUBLIC_CORE0_VAR_FAST_NOCACHE_ZERO_INIT_BLOCK
  section .OS_PUBLIC_CORE0_VAR_FAST_NOCACHE_init                 in block OS_PUBLIC_CORE0_VAR_FAST_NOCACHE_init_BLOCK
  section .OS_PUBLIC_CORE0_VAR_FAST_NOINIT                       in block OS_PUBLIC_CORE0_VAR_FAST_NOINIT_BLOCK
  section .OS_PUBLIC_CORE0_VAR_FAST_ZERO_INIT                    in block OS_PUBLIC_CORE0_VAR_FAST_ZERO_INIT_BLOCK
  section .OS_PUBLIC_CORE0_VAR_FAST_init                         in block OS_PUBLIC_CORE0_VAR_FAST_init_BLOCK
  section .OS_PUBLIC_CORE0_VAR_NOCACHE                           in block OS_PUBLIC_CORE0_VAR_NOCACHE_BLOCK
  section .OS_PUBLIC_CORE0_VAR_NOCACHE_NOINIT                    in block OS_PUBLIC_CORE0_VAR_NOCACHE_NOINIT_BLOCK
  section .OS_PUBLIC_CORE0_VAR_NOCACHE_ZERO_INIT                 in block OS_PUBLIC_CORE0_VAR_NOCACHE_ZERO_INIT_BLOCK
  section .OS_PUBLIC_CORE0_VAR_NOCACHE_init                      in block OS_PUBLIC_CORE0_VAR_NOCACHE_init_BLOCK
  section .OS_PUBLIC_CORE0_VAR_NOINIT                            in block OS_PUBLIC_CORE0_VAR_NOINIT_BLOCK
  section .OS_PUBLIC_CORE0_VAR_ZERO_INIT                         in block OS_PUBLIC_CORE0_VAR_ZERO_INIT_BLOCK
  section .OS_PUBLIC_CORE0_VAR_init                              in block OS_PUBLIC_CORE0_VAR_init_BLOCK
  section .OS_STACK_DEFAULT_APPL_TASK_VAR_NOINIT                 in block OS_STACK_DEFAULT_APPL_TASK_VAR_NOINIT_BLOCK
  section .OS_STACK_DEFAULT_BSW_ASYNC_TASK_VAR_NOINIT            in block OS_STACK_DEFAULT_BSW_ASYNC_TASK_VAR_NOINIT_BLOCK
  section .OS_STACK_OSCORE0_PROTECTION_VAR_NOINIT                in block OS_STACK_OSCORE0_PROTECTION_VAR_NOINIT_BLOCK
  section .OS_STACK_OSCORE0_TASK_PRIO10_VAR_NOINIT               in block OS_STACK_OSCORE0_TASK_PRIO10_VAR_NOINIT_BLOCK
  section .OS_STACK_OSCORE0_TASK_PRIO30_VAR_NOINIT               in block OS_STACK_OSCORE0_TASK_PRIO30_VAR_NOINIT_BLOCK
  section .OS_STACK_OSCORE0_TASK_PRIO40_VAR_NOINIT               in block OS_STACK_OSCORE0_TASK_PRIO40_VAR_NOINIT_BLOCK
  section .OS_STACK_OSCORE0_TASK_PRIO45_VAR_NOINIT               in block OS_STACK_OSCORE0_TASK_PRIO45_VAR_NOINIT_BLOCK
  section .OS_STACK_OSCORE0_TASK_PRIO50_VAR_NOINIT               in block OS_STACK_OSCORE0_TASK_PRIO50_VAR_NOINIT_BLOCK
  section .OS_STACK_OSCORE0_TASK_PRIO5_VAR_NOINIT                in block OS_STACK_OSCORE0_TASK_PRIO5_VAR_NOINIT_BLOCK
  section .OS_StartApplication_Appl_Init_Task_CODE               in block OS_StartApplication_Appl_Init_Task_CODE_BLOCK
  section .OS_StartApplication_NVM_Task_CODE                     in block OS_StartApplication_NVM_Task_CODE_BLOCK
  section .OS_SystemApplication_OsCore0_CONST                    in block OS_SystemApplication_OsCore0_CONST_BLOCK
  section .OS_SystemApplication_OsCore0_CONST_FAST               in block OS_SystemApplication_OsCore0_CONST_FAST_BLOCK
  section .OS_SystemApplication_OsCore0_VAR_FAST_NOCACHE_NOINIT  in block OS_SystemApplication_OsCore0_VAR_FAST_NOCACHE_NOINIT_BLOCK
  section .OS_SystemApplication_OsCore0_VAR_FAST_NOINIT          in block OS_SystemApplication_OsCore0_VAR_FAST_NOINIT_BLOCK
  section .OS_SystemApplication_OsCore0_VAR_NOCACHE_NOINIT       in block OS_SystemApplication_OsCore0_VAR_NOCACHE_NOINIT_BLOCK
  section .OS_SystemApplication_OsCore0_VAR_NOINIT               in block OS_SystemApplication_OsCore0_VAR_NOINIT_BLOCK
  section .OS_VAR                                                in block OS_VAR_BLOCK
  section .OS_VAR_FAST                                           in block OS_VAR_FAST_BLOCK
  section .OS_VAR_FAST_NOCACHE                                   in block OS_VAR_FAST_NOCACHE_BLOCK
  section .OS_VAR_FAST_NOCACHE_NOINIT                            in block OS_VAR_FAST_NOCACHE_NOINIT_BLOCK
  section .OS_VAR_FAST_NOCACHE_ZERO_INIT                         in block OS_VAR_FAST_NOCACHE_ZERO_INIT_BLOCK
  section .OS_VAR_FAST_NOCACHE_init                              in block OS_VAR_FAST_NOCACHE_init_BLOCK
  section .OS_VAR_FAST_NOINIT                                    in block OS_VAR_FAST_NOINIT_BLOCK
  section .OS_VAR_FAST_ZERO_INIT                                 in block OS_VAR_FAST_ZERO_INIT_BLOCK
  section .OS_VAR_FAST_init                                      in block OS_VAR_FAST_init_BLOCK
  section .OS_VAR_NOCACHE                                        in block OS_VAR_NOCACHE_BLOCK
  section .OS_VAR_NOCACHE_ZERO_INIT                              in block OS_VAR_NOCACHE_ZERO_INIT_BLOCK
  section .OS_VAR_NOCACHE_init                                   in block OS_VAR_NOCACHE_init_BLOCK
  section .OS_VAR_NOINIT                                         in block OS_VAR_NOINIT_BLOCK
  section .OS_VAR_ZERO_INIT                                      in block OS_VAR_ZERO_INIT_BLOCK
  section .OS_VAR_init                                           in block OS_VAR_init_BLOCK
  section .brsStartup                                            in block Startup_Code_Core0
  section .data                                                  in block DEFAULT_DATA_INIT_BLOCK
  section .data_init                                             in block DEFAULT_DATA_ROM_INIT_BLOCK
  section .function_in_ram                                       in block function_in_ram_BLOCK
  section .function_in_ram_init                                  in block function_in_ram_init_BLOCK
  section .iar.init_table                                        in block DEFAULT_INIT_TABLE_BLOCK
  section .mcal_bss                                              in block OS_DATA_SHARED_ZERO_INIT
  section .mcal_const                                            in block OS_CONST
  section .mcal_const_cfg                                        in block OS_CONST
  section .mcal_data                                             in block OS_DATA_SHARED_ZERO_INIT
  section .mcal_text                                             in block OS_CODE


  Section                 Kind               Address      Size  Object
  -------                 ----               -------      ----  ------
"VECTORS__OS_EXCVEC_CORE0_CONST":                          0x0
  OS_EXCVEC_CORE0_CONST                          0x0       0x0  <Block>
    OS_EXCVEC_CORE0_CONST_START_SEC
                          uninit                 0x0       0x0  <internal module>
    OS_EXCVEC_CORE0_CONST_LIMIT_SEC
                          uninit                 0x0       0x0  <internal module>

"VECTORS__OS_INTVEC_CORE0_CONST":                        0x3c0
  OS_INTVEC_CORE0_CONST                          0x0     0x3c0  <Block>
    OS_INTVEC_CORE0_CONST_START_SEC
                          uninit                 0x0       0x0  <internal module>
    OS_INTVEC_CORE0_CONST_BLOCK
                                                 0x0     0x3c0  <Block>
      .OS_INTVEC_CORE0_CONST
                          const                  0x0     0x3c0  Os_Hal_Entry_Lcfg.o [1]
    OS_INTVEC_CORE0_CONST_LIMIT_SEC
                          uninit               0x3c0       0x0  <internal module>
                                             - 0x3c0     0x3c0

"P1":                                                     0x10
  FlashConfig             ro code              0x400      0x10  startup_S32K148.o [1]
                                             - 0x410      0x10

"PROGRAM_FLASH__OS_EXCVEC_CORE0_CODE":                     0x0
  OS_EXCVEC_CORE0_CODE                         0x500       0x0  <Block>
    OS_EXCVEC_CORE0_CODE_START_SEC
                          uninit               0x500       0x0  <internal module>
    OS_EXCVEC_CORE0_CODE_LIMIT_SEC
                          uninit               0x500       0x0  <internal module>

"PROGRAM_FLASH__OS_INTVEC_CODE":                           0x0
  OS_INTVEC_CODE                               0x500       0x0  <Block>
    OS_INTVEC_CODE_START_SEC
                          uninit               0x500       0x0  <internal module>
    OS_INTVEC_CODE_LIMIT_SEC
                          uninit               0x500       0x0  <internal module>

"PROGRAM_FLASH__OS_INTVEC_CORE0_CODE":                   0x208
  OS_INTVEC_CORE0_CODE                         0x500     0x208  <Block>
    OS_INTVEC_CORE0_CODE_START_SEC
                          uninit               0x500       0x0  <internal module>
    OS_INTVEC_CORE0_CODE_BLOCK
                                               0x500     0x208  <Block>
      .OS_INTVEC_CORE0_CODE
                          ro code              0x500     0x208  Os_Hal_EntryAsm_Lcfg.o [1]
    OS_INTVEC_CORE0_CODE_LIMIT_SEC
                          uninit               0x708       0x0  <internal module>
                                             - 0x708     0x208

"PROGRAM_FLASH__Startup_Code":                             0x0
  Startup_Code                                 0x708       0x0  <Block>
    Startup_Code_START_SEC
                          uninit               0x708       0x0  <internal module>
    Startup_Code_LIMIT_SEC
                          uninit               0x708       0x0  <internal module>

"PROGRAM_FLASH__Code_Default":                        0x1'44f8
  Code_Default                                 0x708  0x1'44f8  <Block>
    Code_Default_START_SEC
                          uninit               0x708       0x0  <internal module>
    DEFAULT_CODE_BLOCK                         0x708  0x1'44f8  <Block>
      .text               ro code              0x708      0xa4  BrsAsrMain.o [1]
      .text               ro code              0x7ac     0x270  EcuM.o [1]
      .text               ro code              0xa1c    0x1150  Can.o [1]
      .text               ro code             0x1b6c     0x5b8  ComM.o [1]
      .text               ro code             0x2124      0xa2  EcuM_Callout_Stubs.o [1]
      .text               ro code             0x21c6       0x2  startup_S32K148.o [1]
      .text               ro code             0x21c8      0x28  Det.o [1]
      .text               ro code             0x21f0     0x658  BswM.o [1]
      .text               ro code             0x2848     0x228  Rte.o [1]
      .text               ro code             0x2a70     0xb50  CanIf.o [1]
      .text               ro code             0x35c0      0x28  ComM_Lcfg.o [1]
      .text               ro code             0x35e8    0x3c28  Dcm.o [1]
      .text               ro code             0x7210     0x6ec  CanSM.o [1]
      .text               ro code             0x78fc    0x1584  CanTp.o [1]
      .text               ro code             0x8e80    0x1374  Com.o [1]
      .text               ro code             0xa1f4     0x3b4  PduR.o [1]
      .text               ro code             0xa5a8    0x7582  Dem.o [1]
      .text               ro code           0x1'1b2a       0x2  startup_S32K148.o [1]
      .text               ro code           0x1'1b2c      0x8c  Mcu.o [1]
      .text               ro code           0x1'1bb8      0x28  Port.o [1]
      .text               ro code           0x1'1be0     0x3a0  Spi.o [1]
      .text               ro code           0x1'1f80     0x388  Gpt.o [1]
      .text               ro code           0x1'2308     0x690  BswM_Lcfg.o [1]
      .text               ro code           0x1'2998      0x6c  CtLedTask.o [1]
      .text               ro code           0x1'2a04      0x50  CddSbc.o [1]
      .text               ro code           0x1'2a54     0x5a4  vstdlib.o [1]
      .text               ro code           0x1'2ff8      0xd8  PduR_Lcfg.o [1]
      .text               ro code           0x1'30d0       0xa  Dcm_Callout_Stubs.o [1]
      .text               ro code           0x1'30da       0x2  startup_S32K148.o [1]
      .text               ro code           0x1'30dc     0x188  PduR_RmIf.o [1]
      .text               ro code           0x1'3264     0x1bc  PduR_RmTp.o [1]
      .text               ro code           0x1'3420      0xa6  ABImemcpy.o [4]
      .text               ro code           0x1'34c6       0x2  startup_S32K148.o [1]
      .text               ro code           0x1'34c8      0xd0  Mcu_IPW.o [1]
      .text               ro code           0x1'3598     0x324  Port_Port_Ci.o [1]
      .text               ro code           0x1'38bc     0x53c  Spi_LPspi.o [1]
      .text               ro code           0x1'3df8      0x7a  Gpt_Ipw.o [1]
      .text               ro code           0x1'3e72      0x3a  BswM_Callout_Stubs.o [1]
      .text               ro code           0x1'3eac       0xc  Dio.o [1]
      .text               ro code           0x1'3eb8      0xb0  PduR_Lock.o [1]
[...]
Region$$Table$$Base             0x0          --   Gb  - Linker created -
Region$$Table$$Limit            0x0          --   Gb  - Linker created -
Request_ESH_PostRunRequest_0_requestedMode
                        0x1fff'bf83    0x1  Data  Lc  BswM_Lcfg.o [1]
Request_ESH_PostRunRequest_1_requestedMode
                        0x1fff'bf84    0x1  Data  Lc  BswM_Lcfg.o [1]
Request_ESH_RunRequest_0_requestedMode
                        0x1fff'bf81    0x1  Data  Lc  BswM_Lcfg.o [1]
Request_ESH_RunRequest_1_requestedMode
                        0x1fff'bf82    0x1  Data  Lc  BswM_Lcfg.o [1]
Reset_Handler              0x1'4aa9         Code  Wk  startup_S32K148.o [1]
ResumeAllInterrupts        0x1'eaf3   0x2e  Code  Gb  Os_Trap.o [1]
ResumeOSInterrupts         0x1'eb4f   0x2e  Code  Gb  Os_Trap.o [1]
Rte_AckFlags            0x1fff'bedc    0x4  Data  Gb  Rte.o [1]
Rte_Call_Dcm_DataServices_Diag_RWDI_LightOnOffCounter_LightOnOffCounter_Value_ConditionCheckRead
                             0x2907    0x8  Code  Gb  Rte.o [1]
Rte_Call_Dcm_DataServices_Diag_RWDI_LightOnOffCounter_LightOnOffCounter_Value_ReadData
                             0x290f    0x8  Code  Gb  Rte.o [1]
Rte_Call_Dcm_DataServices_Diag_RWDI_LightOnOffCounter_LightOnOffCounter_Value_WriteData
                             0x2917    0x8  Code  Gb  Rte.o [1]
Rte_Call_Dcm_SecurityAccess_Level_01_CompareKey
                             0x291f    0x8  Code  Gb  Rte.o [1]
Rte_Call_Dcm_SecurityAccess_Level_01_GetSeed
                             0x2927    0x8  Code  Gb  Rte.o [1]
Rte_Call_DemMaster_0_CBReadData_OccurrenceCounter_OccurenceCounter_ReadData
                             0x292f    0x8  Code  Gb  Rte.o [1]
Rte_Call_DemMaster_0_CBReadData_OdometerValue_OdometerValue_ReadData
                             0x2937    0x8  Code  Gb  Rte.o [1]
Rte_InitMemory               0x28e5    0x2  Code  Gb  Rte.o [1]
Rte_MemClr                   0x2849   0x10  Code  Gb  Rte.o [1]
Rte_ModeMachine_BswM_Switch_ESH_ModeSwitch_BswM_MDGP_ESH_Mode
                        0x1fff'bfb3    0x1  Data  Gb  Rte.o [1]
Rte_Mode_BswM_Notification_ESH_ModeNotification_BswM_MDGP_ESH_Mode
                             0x2977    0x8  Code  Gb  Rte.o [1]
Rte_Read_BswM_Request_ESH_PostRunRequest_0_requestedMode
                             0x28e7    0x8  Code  Gb  Rte.o [1]
Rte_Read_BswM_Request_ESH_PostRunRequest_1_requestedMode
                             0x28ef    0x8  Code  Gb  Rte.o [1]
Rte_Read_BswM_Request_ESH_RunRequest_0_requestedMode
                             0x28f7    0x8  Code  Gb  Rte.o [1]
Rte_Read_BswM_Request_ESH_RunRequest_1_requestedMode
                             0x28ff    0x8  Code  Gb  Rte.o [1]
Rte_Start                    0x288b   0x3e  Code  Gb  Rte.o [1]
Rte_SwitchAck_Dcm_DcmEcuReset_DcmEcuReset
                             0x2989    0x4  Code  Gb  Rte.o [1]
Rte_Switch_BswM_Switch_ESH_ModeSwitch_BswM_MDGP_ESH_Mode
                             0x293f   0x38  Code  Gb  Rte.o [1]
Rte_Switch_Dcm_DcmControlDtcSetting_DcmControlDtcSetting
                             0x298d    0x8  Code  Gb  Rte.o [1]
Rte_Switch_Dcm_DcmDiagnosticSessionControl_DcmDiagnosticSessionControl
                             0x2995    0x8  Code  Gb  Rte.o [1]
Rte_Switch_Dcm_DcmEcuReset_DcmEcuReset
                             0x299d    0x8  Code  Gb  Rte.o [1]
SCG_ClockConfigPB0_0       0x2'b1b0   0x20  Data  Lc  Mcu_PBcfg.o [1]
SIM_ClockConfigPB0_0       0x2'b144    0xc  Data  Lc  Mcu_PBcfg.o [1]
SIM_ConfigPB0              0x2'b2f4   0x1c  Data  Lc  Mcu_PBcfg.o [1]
SIRC_ClockConfigPB0_0      0x2'b168   0x18  Data  Lc  Mcu_PBcfg.o [1]
SMC_ConfigPB0              0x2'b314    0x4  Data  Lc  Mcu_PBcfg.o [1]
SOSC_ClockConfigPB0_0      0x2'b150   0x18  Data  Lc  Mcu_PBcfg.o [1]
SPLL_ClockConfigPB0_0      0x2'b198   0x18  Data  Lc  Mcu_PBcfg.o [1]
Sbc_Test_Runnable          0x1'2a05   0x50  Code  Gb  CddSbc.o [1]
Sbc_Test_Runnable::sbcReadData
                        0x1fff'b998    0x4  Data  Lc  CddSbc.o [1]
SchM_Deinit                  0x28c9   0x1c  Code  Gb  Rte.o [1]
SchM_Enter_CanIf_CANIF_EXCLUSIVE_AREA_0
                              0x76f   0x18  Code  Gb  BrsAsrMain.o [1]
SchM_Enter_CanSM_CANSM_EXCLUSIVE_AREA_1
                              0x7a5    0x2  Code  Gb  BrsAsrMain.o [1]
SchM_Enter_Can_CAN_EXCLUSIVE_AREA_6
                              0x73f   0x18  Code  Gb  BrsAsrMain.o [1]
SchM_Enter_ComM_COMM_EXCLUSIVE_AREA_1
                              0x7a9    0x2  Code  Gb  BrsAsrMain.o [1]
SchM_Exit_CanIf_CANIF_EXCLUSIVE_AREA_0
                              0x787   0x18  Code  Gb  BrsAsrMain.o [1]
SchM_Exit_CanSM_CANSM_EXCLUSIVE_AREA_1
                              0x7a7    0x2  Code  Gb  BrsAsrMain.o [1]
SchM_Exit_Can_CAN_EXCLUSIVE_AREA_6
                              0x757   0x18  Code  Gb  BrsAsrMain.o [1]
SchM_Exit_ComM_COMM_EXCLUSIVE_AREA_1
                              0x7ab    0x2  Code  Gb  BrsAsrMain.o [1]
SchM_Init                    0x2859   0x32  Code  Gb  Rte.o [1]
SetRelAlarm                0x1'ee55   0x5e  Code  Gb  Os_Trap.o [1]
ShutdownOS                 0x1'ea8d   0x38  Code  Gb  Os_Trap.o [1]
SpiAttributesConfig_PB0
                           0x2'b690    0x8  Data  Lc  Spi_PBcfg.o [1]
SpiChannelConfig_PB0       0x2'b62c    0xc  Data  Lc  Spi_PBcfg.o [1]
SpiJobConfig_PB0           0x2'b638   0x30  Data  Lc  Spi_PBcfg.o [1]
SpiJob_0_ChannelAssignment_PB
                           0x2'b6ee    0x1  Data  Lc  Spi_PBcfg.o [1]
SpiSequenceConfig_PB0      0x2'b668   0x10  Data  Lc  Spi_PBcfg.o [1]
SpiSequence_0_SBC_JobAssignment_PB
                           0x2'b6e2    0x2  Data  Lc  Spi_PBcfg.o [1]
Spi_Init                   0x1'1be1   0xf2  Code  Gb  Spi.o [1]
Spi_LPspi_DeInit           0x1'3997   0x32  Code  Gb  Spi_LPspi.o [1]
Spi_LPspi_Init             0x1'38bd   0xda  Code  Gb  Spi_LPspi.o [1]
Spi_LPspi_SyncTransmit     0x1'39c9  0x118  Code  Gb  Spi_LPspi.o [1]
Spi_LPspi_SyncTransmitJob
                           0x1'3ae1  0x176  Code  Lc  Spi_LPspi.o [1]
Spi_LPspi_SyncTransmitRX
                           0x1'3cc5  0x112  Code  Lc  Spi_LPspi.o [1]
Spi_LPspi_SyncTransmitState
                        0x1fff'bef0   0x2c  Data  Lc  Spi_LPspi.o [1]
Spi_LPspi_SyncTransmitTX
                           0x1'3c57   0x6e  Code  Lc  Spi_LPspi.o [1]
Spi_LPspi_aDeviceState  0x1fff'bf20   0x38  Data  Gb  Spi_LPspi.o [1]
Spi_LPspi_au32BaseAddrs
                           0x2'b5f8   0x34  Data  Gb  Spi_LPspi.o [1]
Spi_LPspi_u32ReadDiscard
                        0x1fff'bf1c    0x4  Data  Lc  Spi_LPspi.o [1]
Spi_PBCfgVariantPredefined
                           0x2'b6a0   0x1c  Data  Gb  Spi_PBcfg.o [1]
Spi_SetupEB                0x1'1cd3  0x106  Code  Gb  Spi.o [1]
Spi_SyncTransmit           0x1'1dd9  0x188  Code  Gb  Spi.o [1]
Spi_aSpiChannelState    0x1fff'bee4    0x4  Data  Gb  Spi.o [1]
Spi_aSpiHWUnitQueueArray
                        0x1fff'bfb4    0x1  Data  Lc  Spi.o [1]
Spi_aSpiJobState        0x1fff'bfb6    0x1  Data  Gb  Spi.o [1]
Spi_aSpiSequenceState   0x1fff'bfb5    0x1  Data  Gb  Spi.o [1]
Spi_au32SpiSeqUsedHWUnits
                        0x1fff'bee8    0x4  Data  Lc  Spi.o [1]
Spi_pcSpiConfigPtr      0x1fff'bee0    0x4  Data  Gb  Spi.o [1]
Spi_u32SpiBusySyncHWUnitsStatus
                        0x1fff'beec    0x4  Data  Lc  Spi.o [1]
StartOS                    0x1'ea83    0xa  Code  Gb  Os_Trap.o [1]
Startup_Code$$Base            0x708          --   Gb  - Linker created -
Startup_Code$$Limit           0x708          --   Gb  - Linker created -
Startup_Stack$$Base     0x1fff'a800          --   Gb  - Linker created -
Startup_Stack$$Limit    0x1fff'b000          --   Gb  - Linker created -
SuspendAllInterrupts       0x1'eac5   0x2e  Code  Gb  Os_Trap.o [1]
SuspendOSInterrupts        0x1'eb21   0x2e  Code  Gb  Os_Trap.o [1]
SystemInit                 0x1'4ae5   0x2e  Code  Gb  system_S32K148.o [1]
TerminateTask              0x1'ec1f   0x3c  Code  Gb  Os_Trap.o [1]
VStdLib_Loc_MemCpy_32_Aligned
                           0x1'2c85   0x84  Code  Lc  vstdlib.o [1]
VStdLib_Loc_MemCpy_32_Unaligned
                           0x1'2d4d  0x204  Code  Lc  vstdlib.o [1]
VStdLib_Loc_MemCpy_8_3     0x1'2b89   0x1c  Code  Lc  vstdlib.o [1]
VStdLib_Loc_MemCpy_8_31
                           0x1'2ba5   0xe0  Code  Lc  vstdlib.o [1]
VStdLib_Loc_MemCpy_8_PartialWord
                           0x1'2d09   0x44  Code  Lc  vstdlib.o [1]
VStdLib_Loc_MemSet_32_Aligned
                           0x1'2b0d   0x7c  Code  Lc  vstdlib.o [1]
VStdLib_Loc_MemSet_8_3     0x1'2a55   0x16  Code  Lc  vstdlib.o [1]
VStdLib_Loc_MemSet_8_31
                           0x1'2a6b   0xa2  Code  Lc  vstdlib.o [1]
VStdLib_MemCpy             0x1'2f9b   0x5e  Code  Gb  vstdlib.o [1]
VStdLib_MemSet             0x1'2f51   0x4a  Code  Gb  vstdlib.o [1]
WaitEvent                  0x1'ed13   0x4c  Code  Gb  Os_Trap.o [1]
_Code_Default_LIMIT        0x1'4c00         Data  Gb  <internal module>
_Code_Default_START           0x708         Data  Gb  <internal module>
_Const_Default_LIMIT       0x2'baf0         Data  Gb  <internal module>
_Const_Default_START       0x2'a904         Data  Gb  <internal module>
_Data_Default_INIT_LIMIT
                        0x1fff'bfb8         Data  Gb  <internal module>
_Data_Default_INIT_START
                        0x1fff'bfb8         Data  Gb  <internal module>
_Data_Default_LIMIT     0x1fff'bfb7         Data  Gb  <internal module>
_Data_Default_START     0x1fff'b884         Data  Gb  <internal module>
_Data_Default_VAR_ALL_LIMIT
                        0x1fff'bfb8         Data  Gb  <internal module>
_Data_Default_VAR_ALL_START
                        0x1fff'b884         Data  Gb  <internal module>
_Heap_Default_LIMIT     0x1fff'bfb8         Data  Gb  <internal module>
_Heap_Default_START     0x1fff'bfb8         Data  Gb  <internal module>
_Heap_Default_VAR_ALL_LIMIT
                        0x1fff'bfb8         Data  Gb  <internal module>
_Heap_Default_VAR_ALL_START
                        0x1fff'bfb8         Data  Gb  <internal module>
_OS_CODE_LIMIT             0x2'9e50         Data  Gb  <internal module>
_OS_CODE_START             0x1'4c00         Data  Gb  <internal module>
_OS_CONST_LIMIT            0x2'a904         Data  Gb  <internal module>
_OS_CONST_START            0x2'9e50         Data  Gb  <internal module>
_OS_DATA_CORE0_NOINIT_LIMIT
                        0x1fff'b861         Data  Gb  <internal module>
_OS_DATA_CORE0_NOINIT_START
                        0x1fff'b000         Data  Gb  <internal module>
_OS_DATA_CORE0_VAR_ALL_LIMIT
                        0x1fff'b861         Data  Gb  <internal module>
_OS_DATA_CORE0_VAR_ALL_START
                        0x1fff'b000         Data  Gb  <internal module>
_OS_DATA_SHARED_INIT_LIMIT
                        0x1fff'b884         Data  Gb  <internal module>
_OS_DATA_SHARED_INIT_START
                        0x1fff'b884         Data  Gb  <internal module>
_OS_DATA_SHARED_NOINIT_LIMIT
                        0x1fff'b884         Data  Gb  <internal module>
_OS_DATA_SHARED_NOINIT_START
                        0x1fff'b864         Data  Gb  <internal module>
_OS_DATA_SHARED_VAR_ALL_LIMIT
                        0x1fff'b884         Data  Gb  <internal module>
_OS_DATA_SHARED_VAR_ALL_START
                        0x1fff'b864         Data  Gb  <internal module>
_OS_DATA_SHARED_ZERO_INIT_LIMIT
                        0x1fff'b884         Data  Gb  <internal module>
_OS_DATA_SHARED_ZERO_INIT_START
                        0x1fff'b884         Data  Gb  <internal module>
_OS_EXCVEC_CORE0_CODE_LIMIT
                              0x500         Data  Gb  <internal module>
_OS_EXCVEC_CORE0_CODE_START
                              0x500         Data  Gb  <internal module>
_OS_EXCVEC_CORE0_CONST_LIMIT
                                0x0         Data  Gb  <internal module>
_OS_EXCVEC_CORE0_CONST_START
                                0x0         Data  Gb  <internal module>
_OS_INTVEC_CODE_LIMIT         0x500         Data  Gb  <internal module>
_OS_INTVEC_CODE_START         0x500         Data  Gb  <internal module>
_OS_INTVEC_CORE0_CODE_LIMIT
                              0x708         Data  Gb  <internal module>
_OS_INTVEC_CORE0_CODE_START
                              0x500         Data  Gb  <internal module>
_OS_INTVEC_CORE0_CONST_LIMIT
                              0x3c0         Data  Gb  <internal module>
_OS_INTVEC_CORE0_CONST_START
                                0x0         Data  Gb  <internal module>
_OS_STACKS_CORE0_NOINIT_LIMIT
                        0x1fff'a800         Data  Gb  <internal module>
_OS_STACKS_CORE0_NOINIT_START
                        0x1fff'8000         Data  Gb  <internal module>
_OS_STACKS_CORE0_VAR_ALL_LIMIT
                        0x1fff'a800         Data  Gb  <internal module>
_OS_STACKS_CORE0_VAR_ALL_START
                        0x1fff'8000         Data  Gb  <internal module>
_OS_SystemApplication_OsCore0_NOINIT_LIMIT
                        0x1fff'a800         Data  Gb  <internal module>
_OS_SystemApplication_OsCore0_NOINIT_START
                        0x1fff'a800         Data  Gb  <internal module>
_OS_SystemApplication_OsCore0_VAR_ALL_LIMIT
                        0x1fff'a800         Data  Gb  <internal module>
_OS_SystemApplication_OsCore0_VAR_ALL_START
                        0x1fff'a800         Data  Gb  <internal module>
_Startup_Code_LIMIT           0x708         Data  Gb  <internal module>
_Startup_Code_START           0x708         Data  Gb  <internal module>
_Startup_Stack_LIMIT    0x1fff'b000         Data  Gb  <internal module>
_Startup_Stack_START    0x1fff'a800         Data  Gb  <internal module>
_Startup_Stack_VAR_ALL_LIMIT
                        0x1fff'b000         Data  Gb  <internal module>
_Startup_Stack_VAR_ALL_START
                        0x1fff'a800         Data  Gb  <internal module>
__CODE_RAM$$Base                0x0          --   Gb  - Linker created -
__CODE_ROM$$Base                0x0          --   Gb  - Linker created -
__CODE_ROM$$Limit               0x0          --   Gb  - Linker created -
__Code_Default_LIMIT       0x1'4c00         Data  Gb  <internal module>
__Code_Default_START          0x708         Data  Gb  <internal module>
__Const_Default_LIMIT      0x2'baf0         Data  Gb  <internal module>
__Const_Default_START      0x2'a904         Data  Gb  <internal module>
__Data_Default_INIT_LIMIT
                        0x1fff'bfb8         Data  Gb  <internal module>
__Data_Default_INIT_START
                        0x1fff'bfb8         Data  Gb  <internal module>
__Data_Default_LIMIT    0x1fff'bfb7         Data  Gb  <internal module>
__Data_Default_START    0x1fff'b884         Data  Gb  <internal module>
__Heap_Default_LIMIT    0x1fff'bfb8         Data  Gb  <internal module>
__Heap_Default_START    0x1fff'bfb8         Data  Gb  <internal module>
__OS_CODE_LIMIT            0x2'9e50         Data  Gb  <internal module>
__OS_CODE_START            0x1'4c00         Data  Gb  <internal module>
__OS_CONST_LIMIT           0x2'a904         Data  Gb  <internal module>
__OS_CONST_START           0x2'9e50         Data  Gb  <internal module>
__OS_DATA_CORE0_NOINIT_LIMIT
                        0x1fff'b861         Data  Gb  <internal module>
__OS_DATA_CORE0_NOINIT_START
                        0x1fff'b000         Data  Gb  <internal module>
__OS_DATA_SHARED_INIT_LIMIT
                        0x1fff'b884         Data  Gb  <internal module>
__OS_DATA_SHARED_INIT_START
                        0x1fff'b884         Data  Gb  <internal module>
__OS_DATA_SHARED_NOINIT_LIMIT
                        0x1fff'b884         Data  Gb  <internal module>
__OS_DATA_SHARED_NOINIT_START
                        0x1fff'b864         Data  Gb  <internal module>
__OS_DATA_SHARED_ZERO_INIT_LIMIT
                        0x1fff'b884         Data  Gb  <internal module>
__OS_DATA_SHARED_ZERO_INIT_START
                        0x1fff'b884         Data  Gb  <internal module>
__OS_EXCVEC_CORE0_CODE_LIMIT
                              0x500         Data  Gb  <internal module>
__OS_EXCVEC_CORE0_CODE_START
                              0x500         Data  Gb  <internal module>
__OS_EXCVEC_CORE0_CONST_LIMIT
                                0x0         Data  Gb  <internal module>
__OS_EXCVEC_CORE0_CONST_START
                                0x0         Data  Gb  <internal module>
__OS_INTVEC_CODE_LIMIT        0x500         Data  Gb  <internal module>
__OS_INTVEC_CODE_START        0x500         Data  Gb  <internal module>
__OS_INTVEC_CORE0_CODE_LIMIT
                              0x708         Data  Gb  <internal module>
__OS_INTVEC_CORE0_CODE_START
                              0x500         Data  Gb  <internal module>
__OS_INTVEC_CORE0_CONST_LIMIT
                              0x3c0         Data  Gb  <internal module>
__OS_INTVEC_CORE0_CONST_START
                                0x0         Data  Gb  <internal module>
__OS_STACKS_CORE0_NOINIT_LIMIT
                        0x1fff'a800         Data  Gb  <internal module>
__OS_STACKS_CORE0_NOINIT_START
                        0x1fff'8000         Data  Gb  <internal module>
__OS_SystemApplication_OsCore0_NOINIT_LIMIT
                        0x1fff'a800         Data  Gb  <internal module>
__OS_SystemApplication_OsCore0_NOINIT_START
                        0x1fff'a800         Data  Gb  <internal module>
__RAM_VECTOR_TABLE_SIZE {Abs}
                              0x400         Data  Gb  <internal module>
__Startup_Code_LIMIT          0x708         Data  Gb  <internal module>
__Startup_Code_START          0x708         Data  Gb  <internal module>
__Startup_Stack_LIMIT   0x1fff'b000         Data  Gb  <internal module>
__Startup_Stack_START   0x1fff'a800         Data  Gb  <internal module>
__VECTOR_RAM {Abs}      0x1fff'8000         Data  Gb  <internal module>
__VECTOR_TABLE {Abs}            0x0         Data  Gb  <internal module>
__Vectors                  0x2'b6f0          --   Gb  startup_S32K148.o [1]
__Vectors_End              0x2'baf0         Data  Gb  startup_S32K148.o [1]
__Vectors_Size {Abs}          0x400          --   Gb  startup_S32K148.o [1]
__aeabi_memcpy             0x1'3421         Code  Gb  ABImemcpy.o [4]
__aeabi_memcpy4            0x1'3441         Code  Gb  ABImemcpy.o [4]
__aeabi_memcpy8            0x1'3441         Code  Gb  ABImemcpy.o [4]
__cmain                    0x1'4b51         Code  Gb  cmain.o [4]
__exit                     0x1'4b85   0x14  Code  Gb  exit.o [5]
__iar_init_vfp             0x1'4b2d         Code  Gb  fpinit_M.o [3]
__iar_program_start        0x1'4bf5         Code  Gb  cstartup_M.o [4]
__low_level_init           0x1'4b6f    0x4  Code  Gb  low_level_init.o [2]
__vector_table             0x2'b6f0         Data  Gb  startup_S32K148.o [1]
__vector_table_0x1c        0x2'b70c         Data  Gb  startup_S32K148.o [1]
_call_main                 0x1'4b5d         Code  Gb  cmain.o [4]
_exit                      0x1'4b79         Code  Gb  cexit.o [4]
_main                      0x1'4b6b         Code  Gb  cmain.o [4]
a                       0x1fff'b994    0x4  Data  Gb  CddSbc.o [1]
canConfigInitFlag       0x1fff'bf8f    0x1  Data  Lc  Can.o [1]
canRxTaskActive         0x1fff'bf8e    0x1  Data  Lc  Can.o [1]
cbkcnt                  0x1fff'bfa0    0x1  Data  Lc  CtLedTask.o [1]
detModuleInit           0x1fff'bfa9    0x1  Data  Lc  Det.o [1]
exit                       0x1'4b73    0x4  Code  Gb  exit.o [2]
init_data_bss              0x1'49e5   0xc4  Code  Gb  startup.o [1]
main                          0x72d   0x12  Code  Gb  BrsAsrMain.o [1]
result                  0x1fff'bf93    0x1  Data  Lc  CddSbc.o [1]


[1] = F:\study\AUTOSAR_TOOLs\S32K144_SIP\MICROSAR\CBD1800257_D01_S32K1xx\Applications\S32K144_Start_new_IAR\Debug\Obj
[2] = dl7M_tln.a
[3] = m7M_tls.a
[4] = rt7M_tl.a
[5] = shb_l.a

  171'360 bytes of readonly  code memory
    7'256 bytes of readonly  data memory
   16'296 bytes of readwrite data memory

Errors: 6
Warnings: none
